Change Component DesignItemId : Designator=R22 Old DesignItemId=RES2462 New DesignItemId=RES2221
Change Component DesignItemId : Designator=R59 Old DesignItemId=RES2462 New DesignItemId=RES2221
Change Component DesignItemId : Designator=R68 Old DesignItemId=RES2462 New DesignItemId=RES2221
Change Component DesignItemId : Designator=R75 Old DesignItemId=RES2462 New DesignItemId=RES2221
Change Component DesignItemId : Designator=R84 Old DesignItemId=RES2462 New DesignItemId=RES2221
Change Component DesignItemId : Designator=R92 Old DesignItemId=RES2462 New DesignItemId=RES2221
Change Component DesignItemId : Designator=R52 Old DesignItemId=RES2463 New DesignItemId=RES3368
Change Component DesignItemId : Designator=R69 Old DesignItemId=RES2463 New DesignItemId=RES3368
Change Component DesignItemId : Designator=R85 Old DesignItemId=RES2463 New DesignItemId=RES3368
Change Component DesignItemId : Designator=R60 Old DesignItemId=RES2514 New DesignItemId=RES3451
Change Component DesignItemId : Designator=R76 Old DesignItemId=RES2514 New DesignItemId=RES3451
Change Component DesignItemId : Designator=R93 Old DesignItemId=RES2514 New DesignItemId=RES3451
Change Component DesignItemId : Designator=R21 Old DesignItemId=RSMT0688 New DesignItemId=RSMT1213
Change Component DesignItemId : Designator=R58 Old DesignItemId=RSMT0688 New DesignItemId=RSMT1213
Change Component DesignItemId : Designator=R67 Old DesignItemId=RSMT0688 New DesignItemId=RSMT1213
Change Component DesignItemId : Designator=R74 Old DesignItemId=RSMT0688 New DesignItemId=RSMT1213
Change Component DesignItemId : Designator=R83 Old DesignItemId=RSMT0688 New DesignItemId=RSMT1213
Change Component DesignItemId : Designator=R91 Old DesignItemId=RSMT0688 New DesignItemId=RSMT1213
Change Component DesignItemId : Designator=R2 Old DesignItemId=RSMT1282 New DesignItemId=RES1023
Change Component Footprint: Designator=R21 Old Footprint=RES_C_0603 New Footprint=RES_C_0402
Change Component Footprint: Designator=R22 Old Footprint=RES_C_0603 New Footprint=RES_C_0402
Change Component Footprint: Designator=R52 Old Footprint=RES_C_0603 New Footprint=RES_C_0402
Change Component Footprint: Designator=R58 Old Footprint=RES_C_0603 New Footprint=RES_C_0402
Change Component Footprint: Designator=R59 Old Footprint=RES_C_0603 New Footprint=RES_C_0402
Change Component Footprint: Designator=R60 Old Footprint=RES_C_0603 New Footprint=RES_C_0402
Change Component Footprint: Designator=R67 Old Footprint=RES_C_0603 New Footprint=RES_C_0402
Change Component Footprint: Designator=R68 Old Footprint=RES_C_0603 New Footprint=RES_C_0402
Change Component Footprint: Designator=R69 Old Footprint=RES_C_0603 New Footprint=RES_C_0402
Change Component Footprint: Designator=R74 Old Footprint=RES_C_0603 New Footprint=RES_C_0402
Change Component Footprint: Designator=R75 Old Footprint=RES_C_0603 New Footprint=RES_C_0402
Change Component Footprint: Designator=R76 Old Footprint=RES_C_0603 New Footprint=RES_C_0402
Change Component Footprint: Designator=R83 Old Footprint=RES_C_0603 New Footprint=RES_C_0402
Change Component Footprint: Designator=R84 Old Footprint=RES_C_0603 New Footprint=RES_C_0402
Change Component Footprint: Designator=R85 Old Footprint=RES_C_0603 New Footprint=RES_C_0402
Change Component Footprint: Designator=R91 Old Footprint=RES_C_0603 New Footprint=RES_C_0402
Change Component Footprint: Designator=R92 Old Footprint=RES_C_0603 New Footprint=RES_C_0402
Change Component Footprint: Designator=R93 Old Footprint=RES_C_0603 New Footprint=RES_C_0402
Change component parameters: Designator = "R2" ("R2"); Footprint = "RES_C_0402"; UniqueID = "\ODBHVTLH" ("\ODBHVTLH")
Change component parameters (AddParameter): Name = "Category"; Value = "Resistor"; VariantName = "[No Variations]"
Change component parameters (AddParameter): Name = "ComponentLink1Description"; Value = "SVN Datasheet"; VariantName = "[No Variations]"
Change component parameters (AddParameter): Name = "ComponentLink1URL"; Value = "https://chn-vm-apps.microchip.com/mchprepo/parts/Datasheets/AOA0000CE2.pdf"; VariantName = "[No Variations]"
Change component parameters (AddParameter): Name = "ComponentLink2Description"; Value = "Local Datasheet"; VariantName = "[No Variations]"
Change component parameters (AddParameter): Name = "ComponentLink2URL"; Value = "C:\ALTIUM_WORK\00001_MCHP-CDB\Datasheets\AOA0000CE2.pdf"; VariantName = "[No Variations]"
Change component parameters (AddParameter): Name = "ComponentLink3Description"; Value = "Open Symbol"; VariantName = "[No Variations]"
Change component parameters (AddParameter): Name = "ComponentLink3URL"; Value = "C:\ALTIUM_WORK\00001_MCHP-CDB\Library\LibraryRefs\Resistor.SchLib"; VariantName = "[No Variations]"
Change component parameters (AddParameter): Name = "ComponentLink4Description"; Value = "Open Footprint"; VariantName = "[No Variations]"
Change component parameters (AddParameter): Name = "ComponentLink4URL"; Value = "C:\ALTIUM_WORK\00001_MCHP-CDB\Library\Footprints\RES_C_0402.PcbLib"; VariantName = "[No Variations]"
Change component parameters (AddParameter): Name = "ComponentLink5Description"; Value = "Open Footprint 2"; VariantName = "[No Variations]"
Change component parameters (AddParameter): Name = "ComponentLink6Description"; Value = "Open Footprint 3"; VariantName = "[No Variations]"
Change component parameters (AddParameter): Name = "ComponentLink7Description"; Value = "Open Footprint 4"; VariantName = "[No Variations]"
Change component parameters (AddParameter): Name = "Composition"; Value = "TKF"; VariantName = "[No Variations]"
Change component parameters (AddParameter): Name = "Description_"; Value = "RES TKF 2.2k 1% 1/10W SMD 0402"; VariantName = "[No Variations]"
Change component parameters (AddParameter): Name = "Dev Tools Status"; Value = "Production"; VariantName = "[No Variations]"
Change component parameters (AddParameter): Name = "Manufacturer 1"; Value = "Panasonic"; VariantName = "[No Variations]"
Change component parameters (AddParameter): Name = "Manufacturer Part Number 1"; Value = "ERJ-2RKF2201X"; VariantName = "[No Variations]"
Change component parameters (AddParameter): Name = "MCHP-ID"; Value = "RES1023"; VariantName = "[No Variations]"
Change component parameters (AddParameter): Name = "Operating Temperature"; Value = "-55C to +155C"; VariantName = "[No Variations]"
Change component parameters (AddParameter): Name = "Owner"; Value = "Tad Ahlvers"; VariantName = "[No Variations]"
Change component parameters (AddParameter): Name = "Package"; Value = "0402"; VariantName = "[No Variations]"
Change component parameters (AddParameter): Name = "Populated"; Value = "YES"; VariantName = "[No Variations]"
Change component parameters (AddParameter): Name = "Power"; Value = "1/10W"; VariantName = "[No Variations]"
Change component parameters (AddParameter): Name = "Quantity Override"; Value = "1"; VariantName = "[No Variations]"
Change component parameters (AddParameter): Name = "Revision"; Value = "1"; VariantName = "[No Variations]"
Change component parameters (AddParameter): Name = "Status"; Value = "MCL Design"; VariantName = "[No Variations]"
Change component parameters (AddParameter): Name = "Supplier 1"; Value = "Digi-Key"; VariantName = "[No Variations]"
Change component parameters (AddParameter): Name = "Supplier Part Number 1"; Value = "P2.20KLTR-ND"; VariantName = "[No Variations]"
Change component parameters (AddParameter): Name = "Symbol"; Value = "Resistor"; VariantName = "[No Variations]"
Change component parameters (AddParameter): Name = "Temperature Coefficient"; Value = "100ppm/C"; VariantName = "[No Variations]"
Change component parameters (AddParameter): Name = "Tolerance"; Value = "1%"; VariantName = "[No Variations]"
Change component parameters (AddParameter): Name = "Type"; Value = "RES SMD"; VariantName = "[No Variations]"
Change component parameters (AddParameter): Name = "Value"; Value = "2.2k"; VariantName = "[No Variations]"
Change component parameters (AddParameter): Name = "Voltage"; Value = "50V"; VariantName = "[No Variations]"
Change component parameters: Designator = "R21" ("R21"); Footprint = "RES_C_0603"; UniqueID = "\HLNJPSAX" ("\HLNJPSAX")
Change component parameters (AddParameter): Name = "Category"; Value = "Resistor"; VariantName = "[No Variations]"
Change component parameters (AddParameter): Name = "ComponentLink1Description"; Value = "SVN Datasheet"; VariantName = "[No Variations]"
Change component parameters (AddParameter): Name = "ComponentLink1URL"; Value = "https://chn-vm-apps.microchip.com/mchprepo/parts/Datasheets/dcrcwe3.pdf"; VariantName = "[No Variations]"
Change component parameters (AddParameter): Name = "ComponentLink2Description"; Value = "Local Datasheet"; VariantName = "[No Variations]"
Change component parameters (AddParameter): Name = "ComponentLink2URL"; Value = "C:\ALTIUM_WORK\00001_MCHP-CDB\Datasheets\dcrcwe3.pdf"; VariantName = "[No Variations]"
Change component parameters (AddParameter): Name = "ComponentLink3Description"; Value = "Open Symbol"; VariantName = "[No Variations]"
Change component parameters (AddParameter): Name = "ComponentLink3URL"; Value = "C:\ALTIUM_WORK\00001_MCHP-CDB\Library\LibraryRefs\Resistor.SchLib"; VariantName = "[No Variations]"
Change component parameters (AddParameter): Name = "ComponentLink4Description"; Value = "Open Footprint"; VariantName = "[No Variations]"
Change component parameters (AddParameter): Name = "ComponentLink4URL"; Value = "C:\ALTIUM_WORK\00001_MCHP-CDB\Library\Footprints\RES_C_0402.PcbLib"; VariantName = "[No Variations]"
Change component parameters (AddParameter): Name = "ComponentLink5Description"; Value = "Open Footprint 2"; VariantName = "[No Variations]"
Change component parameters (AddParameter): Name = "ComponentLink6Description"; Value = "Open Footprint 3"; VariantName = "[No Variations]"
Change component parameters (AddParameter): Name = "ComponentLink7Description"; Value = "Open Footprint 4"; VariantName = "[No Variations]"
Change component parameters (AddParameter): Name = "Composition"; Value = "TKF"; VariantName = "[No Variations]"
Change component parameters (AddParameter): Name = "Description_"; Value = "RES TKF 62R 1% 1/16W SMD 0402 AEC-Q200"; VariantName = "[No Variations]"
Change component parameters (AddParameter): Name = "Dev Tools Status"; Value = "Design"; VariantName = "[No Variations]"
Change component parameters (AddParameter): Name = "Manufacturer 1"; Value = "Stackpole Electronics Inc"; VariantName = "[No Variations]"
Change component parameters (AddParameter): Name = "Manufacturer 2"; Value = "Yageo"; VariantName = "[No Variations]"
Change component parameters (AddParameter): Name = "Manufacturer 3"; Value = "Vishay"; VariantName = "[No Variations]"
Change component parameters (AddParameter): Name = "Manufacturer Part Number 1"; Value = "RMCF0402FT62R0"; VariantName = "[No Variations]"
Change component parameters (AddParameter): Name = "Manufacturer Part Number 2"; Value = "AC0402FR-0762RL"; VariantName = "[No Variations]"
Change component parameters (AddParameter): Name = "Manufacturer Part Number 3"; Value = "CRCW040262R0FKED"; VariantName = "[No Variations]"
Change component parameters (AddParameter): Name = "MCHP-ID"; Value = "RSMT1213"; VariantName = "[No Variations]"
Change component parameters (AddParameter): Name = "Operating Temperature"; Value = "-55C to +155C"; VariantName = "[No Variations]"
Change component parameters (AddParameter): Name = "Owner"; Value = "Dragos Danaila"; VariantName = "[No Variations]"
Change component parameters (AddParameter): Name = "Package"; Value = "0402"; VariantName = "[No Variations]"
Change component parameters (AddParameter): Name = "Populated"; Value = "YES"; VariantName = "[No Variations]"
Change component parameters (AddParameter): Name = "Power"; Value = "1/16W"; VariantName = "[No Variations]"
Change component parameters (AddParameter): Name = "Quantity Override"; Value = "1"; VariantName = "[No Variations]"
Change component parameters (AddParameter): Name = "Restricted Sourcing"; Value = "No"; VariantName = "[No Variations]"
Change component parameters (AddParameter): Name = "Revision"; Value = "C"; VariantName = "[No Variations]"
Change component parameters (AddParameter): Name = "Status"; Value = "MCL Design"; VariantName = "[No Variations]"
Change component parameters (AddParameter): Name = "Supplier 1"; Value = "Digi-Key"; VariantName = "[No Variations]"
Change component parameters (AddParameter): Name = "Supplier 2"; Value = "Digi-Key"; VariantName = "[No Variations]"
Change component parameters (AddParameter): Name = "Supplier 3"; Value = "Digi-Key"; VariantName = "[No Variations]"
Change component parameters (AddParameter): Name = "Supplier Part Number 1"; Value = "RMCF0402FT62R0CT-ND"; VariantName = "[No Variations]"
Change component parameters (AddParameter): Name = "Supplier Part Number 2"; Value = "13-AC0402FR-0762RLCT-ND"; VariantName = "[No Variations]"
Change component parameters (AddParameter): Name = "Supplier Part Number 3"; Value = "541-62.0LCT-ND"; VariantName = "[No Variations]"
Change component parameters (AddParameter): Name = "Symbol"; Value = "Resistor"; VariantName = "[No Variations]"
Change component parameters (AddParameter): Name = "Temperature Coefficient"; Value = "100ppm/C"; VariantName = "[No Variations]"
Change component parameters (AddParameter): Name = "Tolerance"; Value = "1%"; VariantName = "[No Variations]"
Change component parameters (AddParameter): Name = "Type"; Value = "RES SMD"; VariantName = "[No Variations]"
Change component parameters (AddParameter): Name = "Value"; Value = "62R"; VariantName = "[No Variations]"
Change component parameters (AddParameter): Name = "Voltage"; Value = "50V"; VariantName = "[No Variations]"
Change component parameters: Designator = "R22" ("R22"); Footprint = "RES_C_0603"; UniqueID = "\GFQGXRRE" ("\GFQGXRRE")
Change component parameters (AddParameter): Name = "Category"; Value = "Resistor"; VariantName = "[No Variations]"
Change component parameters (AddParameter): Name = "ComponentLink1Description"; Value = "SVN Datasheet"; VariantName = "[No Variations]"
Change component parameters (AddParameter): Name = "ComponentLink1URL"; Value = "https://chn-vm-apps.microchip.com/mchprepo/parts/Datasheets/PYu-RT_1-to-0.01_RoHS_L_9-1.pdf"; VariantName = "[No Variations]"
Change component parameters (AddParameter): Name = "ComponentLink2Description"; Value = "Local Datasheet"; VariantName = "[No Variations]"
Change component parameters (AddParameter): Name = "ComponentLink2URL"; Value = "C:\ALTIUM_WORK\00001_MCHP-CDB\Datasheets\PYu-RT_1-to-0.01_RoHS_L_9-1.pdf"; VariantName = "[No Variations]"
Change component parameters (AddParameter): Name = "ComponentLink3Description"; Value = "Open Symbol"; VariantName = "[No Variations]"
Change component parameters (AddParameter): Name = "ComponentLink3URL"; Value = "C:\ALTIUM_WORK\00001_MCHP-CDB\Library\LibraryRefs\Resistor.SchLib"; VariantName = "[No Variations]"
Change component parameters (AddParameter): Name = "ComponentLink4Description"; Value = "Open Footprint"; VariantName = "[No Variations]"
Change component parameters (AddParameter): Name = "ComponentLink4URL"; Value = "C:\ALTIUM_WORK\00001_MCHP-CDB\Library\Footprints\RES_C_0402.PcbLib"; VariantName = "[No Variations]"
Change component parameters (AddParameter): Name = "ComponentLink5Description"; Value = "Open Footprint 2"; VariantName = "[No Variations]"
Change component parameters (AddParameter): Name = "ComponentLink6Description"; Value = "Open Footprint 3"; VariantName = "[No Variations]"
Change component parameters (AddParameter): Name = "ComponentLink7Description"; Value = "Open Footprint 4"; VariantName = "[No Variations]"
Change component parameters (AddParameter): Name = "Composition"; Value = "TKF"; VariantName = "[No Variations]"
Change component parameters (AddParameter): Name = "Description_"; Value = "RES TKF 360R 0.1% 0.1W SMD 0402"; VariantName = "[No Variations]"
Change component parameters (AddParameter): Name = "Dev Tools Status"; Value = "Design"; VariantName = "[No Variations]"
Change component parameters (AddParameter): Name = "Manufacturer 1"; Value = "Yageo"; VariantName = "[No Variations]"
Change component parameters (AddParameter): Name = "Manufacturer Part Number 1"; Value = "RT0402BRD07360RL"; VariantName = "[No Variations]"
Change component parameters (AddParameter): Name = "MCHP-ID"; Value = "RES2221"; VariantName = "[No Variations]"
Change component parameters (AddParameter): Name = "Operating Temperature"; Value = "-55C to +155C"; VariantName = "[No Variations]"
Change component parameters (AddParameter): Name = "Owner"; Value = "Cristian Papuc"; VariantName = "[No Variations]"
Change component parameters (AddParameter): Name = "Package"; Value = "0402"; VariantName = "[No Variations]"
Change component parameters (AddParameter): Name = "Populated"; Value = "YES"; VariantName = "[No Variations]"
Change component parameters (AddParameter): Name = "Power"; Value = "1/10W"; VariantName = "[No Variations]"
Change component parameters (AddParameter): Name = "Quantity Override"; Value = "1"; VariantName = "[No Variations]"
Change component parameters (AddParameter): Name = "Restricted Sourcing"; Value = "No"; VariantName = "[No Variations]"
Change component parameters (AddParameter): Name = "Revision"; Value = "B"; VariantName = "[No Variations]"
Change component parameters (AddParameter): Name = "Status"; Value = "MCL Design"; VariantName = "[No Variations]"
Change component parameters (AddParameter): Name = "Supplier 1"; Value = "Digi-Key"; VariantName = "[No Variations]"
Change component parameters (AddParameter): Name = "Supplier Part Number 1"; Value = "YAG1413CT-ND"; VariantName = "[No Variations]"
Change component parameters (AddParameter): Name = "Symbol"; Value = "Resistor"; VariantName = "[No Variations]"
Change component parameters (AddParameter): Name = "Temperature Coefficient"; Value = "25ppm/C"; VariantName = "[No Variations]"
Change component parameters (AddParameter): Name = "Tolerance"; Value = "0.1%"; VariantName = "[No Variations]"
Change component parameters (AddParameter): Name = "Type"; Value = "RES SMD"; VariantName = "[No Variations]"
Change component parameters (AddParameter): Name = "Value"; Value = "360R"; VariantName = "[No Variations]"
Change component parameters (AddParameter): Name = "Voltage"; Value = "50V"; VariantName = "[No Variations]"
Change component parameters: Designator = "R52" ("R52"); Footprint = "RES_C_0603"; UniqueID = "\LILSAJBG" ("\LILSAJBG")
Change component parameters (AddParameter): Name = "Category"; Value = "Resistor"; VariantName = "[No Variations]"
Change component parameters (AddParameter): Name = "ComponentLink1Description"; Value = "SVN Datasheet"; VariantName = "[No Variations]"
Change component parameters (AddParameter): Name = "ComponentLink1URL"; Value = "https://chn-vm-apps.microchip.com/mchprepo/parts/Datasheets/AOA0000C304.pdf"; VariantName = "[No Variations]"
Change component parameters (AddParameter): Name = "ComponentLink2Description"; Value = "Local Datasheet"; VariantName = "[No Variations]"
Change component parameters (AddParameter): Name = "ComponentLink2URL"; Value = "C:\ALTIUM_WORK\00001_MCHP-CDB\Datasheets\AOA0000C304.pdf"; VariantName = "[No Variations]"
Change component parameters (AddParameter): Name = "ComponentLink3Description"; Value = "Open Symbol"; VariantName = "[No Variations]"
Change component parameters (AddParameter): Name = "ComponentLink3URL"; Value = "C:\ALTIUM_WORK\00001_MCHP-CDB\Library\LibraryRefs\Resistor.SchLib"; VariantName = "[No Variations]"
Change component parameters (AddParameter): Name = "ComponentLink4Description"; Value = "Open Footprint"; VariantName = "[No Variations]"
Change component parameters (AddParameter): Name = "ComponentLink4URL"; Value = "C:\ALTIUM_WORK\00001_MCHP-CDB\Library\Footprints\RES_C_0402.PcbLib"; VariantName = "[No Variations]"
Change component parameters (AddParameter): Name = "ComponentLink5Description"; Value = "Open Footprint 2"; VariantName = "[No Variations]"
Change component parameters (AddParameter): Name = "ComponentLink6Description"; Value = "Open Footprint 3"; VariantName = "[No Variations]"
Change component parameters (AddParameter): Name = "ComponentLink7Description"; Value = "Open Footprint 4"; VariantName = "[No Variations]"
Change component parameters (AddParameter): Name = "Composition"; Value = "TKF"; VariantName = "[No Variations]"
Change component parameters (AddParameter): Name = "Description_"; Value = "RES TKF 3.4k 1% 1/10W SMD 0402 AEC-Q200"; VariantName = "[No Variations]"
Change component parameters (AddParameter): Name = "Dev Tools Status"; Value = "Design"; VariantName = "[No Variations]"
Change component parameters (AddParameter): Name = "Manufacturer 1"; Value = "Panasonic"; VariantName = "[No Variations]"
Change component parameters (AddParameter): Name = "Manufacturer Part Number 1"; Value = "ERJ-2RKF3401X"; VariantName = "[No Variations]"
Change component parameters (AddParameter): Name = "MCHP-ID"; Value = "RES3368"; VariantName = "[No Variations]"
Change component parameters (AddParameter): Name = "Operating Temperature"; Value = "–55C to 155C"; VariantName = "[No Variations]"
Change component parameters (AddParameter): Name = "Owner"; Value = "Deepak Kariyappa"; VariantName = "[No Variations]"
Change component parameters (AddParameter): Name = "Package"; Value = "0402"; VariantName = "[No Variations]"
Change component parameters (AddParameter): Name = "Populated"; Value = "Yes"; VariantName = "[No Variations]"
Change component parameters (AddParameter): Name = "Power"; Value = "1/10W"; VariantName = "[No Variations]"
Change component parameters (AddParameter): Name = "Quantity Override"; Value = "1"; VariantName = "[No Variations]"
Change component parameters (AddParameter): Name = "Restricted Sourcing"; Value = "No"; VariantName = "[No Variations]"
Change component parameters (AddParameter): Name = "Revision"; Value = "2"; VariantName = "[No Variations]"
Change component parameters (AddParameter): Name = "Status"; Value = "MCL Design"; VariantName = "[No Variations]"
Change component parameters (AddParameter): Name = "Supplier 1"; Value = "Digi-Key"; VariantName = "[No Variations]"
Change component parameters (AddParameter): Name = "Supplier Part Number 1"; Value = "P3.40KLTR-ND"; VariantName = "[No Variations]"
Change component parameters (AddParameter): Name = "Symbol"; Value = "Resistor"; VariantName = "[No Variations]"
Change component parameters (AddParameter): Name = "Temperature Coefficient"; Value = "100ppm/C"; VariantName = "[No Variations]"
Change component parameters (AddParameter): Name = "Tolerance"; Value = "1%"; VariantName = "[No Variations]"
Change component parameters (AddParameter): Name = "Type"; Value = "RES SMD"; VariantName = "[No Variations]"
Change component parameters (AddParameter): Name = "Value"; Value = "3.4k"; VariantName = "[No Variations]"
Change component parameters (AddParameter): Name = "Voltage"; Value = "50V"; VariantName = "[No Variations]"
Change component parameters: Designator = "R58" ("R58"); Footprint = "RES_C_0603"; UniqueID = "\GYDPAJVM" ("\GYDPAJVM")
Change component parameters (AddParameter): Name = "Category"; Value = "Resistor"; VariantName = "[No Variations]"
Change component parameters (AddParameter): Name = "ComponentLink1Description"; Value = "SVN Datasheet"; VariantName = "[No Variations]"
Change component parameters (AddParameter): Name = "ComponentLink1URL"; Value = "https://chn-vm-apps.microchip.com/mchprepo/parts/Datasheets/dcrcwe3.pdf"; VariantName = "[No Variations]"
Change component parameters (AddParameter): Name = "ComponentLink2Description"; Value = "Local Datasheet"; VariantName = "[No Variations]"
Change component parameters (AddParameter): Name = "ComponentLink2URL"; Value = "C:\ALTIUM_WORK\00001_MCHP-CDB\Datasheets\dcrcwe3.pdf"; VariantName = "[No Variations]"
Change component parameters (AddParameter): Name = "ComponentLink3Description"; Value = "Open Symbol"; VariantName = "[No Variations]"
Change component parameters (AddParameter): Name = "ComponentLink3URL"; Value = "C:\ALTIUM_WORK\00001_MCHP-CDB\Library\LibraryRefs\Resistor.SchLib"; VariantName = "[No Variations]"
Change component parameters (AddParameter): Name = "ComponentLink4Description"; Value = "Open Footprint"; VariantName = "[No Variations]"
Change component parameters (AddParameter): Name = "ComponentLink4URL"; Value = "C:\ALTIUM_WORK\00001_MCHP-CDB\Library\Footprints\RES_C_0402.PcbLib"; VariantName = "[No Variations]"
Change component parameters (AddParameter): Name = "ComponentLink5Description"; Value = "Open Footprint 2"; VariantName = "[No Variations]"
Change component parameters (AddParameter): Name = "ComponentLink6Description"; Value = "Open Footprint 3"; VariantName = "[No Variations]"
Change component parameters (AddParameter): Name = "ComponentLink7Description"; Value = "Open Footprint 4"; VariantName = "[No Variations]"
Change component parameters (AddParameter): Name = "Composition"; Value = "TKF"; VariantName = "[No Variations]"
Change component parameters (AddParameter): Name = "Description_"; Value = "RES TKF 62R 1% 1/16W SMD 0402 AEC-Q200"; VariantName = "[No Variations]"
Change component parameters (AddParameter): Name = "Dev Tools Status"; Value = "Design"; VariantName = "[No Variations]"
Change component parameters (AddParameter): Name = "Manufacturer 1"; Value = "Stackpole Electronics Inc"; VariantName = "[No Variations]"
Change component parameters (AddParameter): Name = "Manufacturer 2"; Value = "Yageo"; VariantName = "[No Variations]"
Change component parameters (AddParameter): Name = "Manufacturer 3"; Value = "Vishay"; VariantName = "[No Variations]"
Change component parameters (AddParameter): Name = "Manufacturer Part Number 1"; Value = "RMCF0402FT62R0"; VariantName = "[No Variations]"
Change component parameters (AddParameter): Name = "Manufacturer Part Number 2"; Value = "AC0402FR-0762RL"; VariantName = "[No Variations]"
Change component parameters (AddParameter): Name = "Manufacturer Part Number 3"; Value = "CRCW040262R0FKED"; VariantName = "[No Variations]"
Change component parameters (AddParameter): Name = "MCHP-ID"; Value = "RSMT1213"; VariantName = "[No Variations]"
Change component parameters (AddParameter): Name = "Operating Temperature"; Value = "-55C to +155C"; VariantName = "[No Variations]"
Change component parameters (AddParameter): Name = "Owner"; Value = "Dragos Danaila"; VariantName = "[No Variations]"
Change component parameters (AddParameter): Name = "Package"; Value = "0402"; VariantName = "[No Variations]"
Change component parameters (AddParameter): Name = "Populated"; Value = "YES"; VariantName = "[No Variations]"
Change component parameters (AddParameter): Name = "Power"; Value = "1/16W"; VariantName = "[No Variations]"
Change component parameters (AddParameter): Name = "Quantity Override"; Value = "1"; VariantName = "[No Variations]"
Change component parameters (AddParameter): Name = "Restricted Sourcing"; Value = "No"; VariantName = "[No Variations]"
Change component parameters (AddParameter): Name = "Revision"; Value = "C"; VariantName = "[No Variations]"
Change component parameters (AddParameter): Name = "Status"; Value = "MCL Design"; VariantName = "[No Variations]"
Change component parameters (AddParameter): Name = "Supplier 1"; Value = "Digi-Key"; VariantName = "[No Variations]"
Change component parameters (AddParameter): Name = "Supplier 2"; Value = "Digi-Key"; VariantName = "[No Variations]"
Change component parameters (AddParameter): Name = "Supplier 3"; Value = "Digi-Key"; VariantName = "[No Variations]"
Change component parameters (AddParameter): Name = "Supplier Part Number 1"; Value = "RMCF0402FT62R0CT-ND"; VariantName = "[No Variations]"
Change component parameters (AddParameter): Name = "Supplier Part Number 2"; Value = "13-AC0402FR-0762RLCT-ND"; VariantName = "[No Variations]"
Change component parameters (AddParameter): Name = "Supplier Part Number 3"; Value = "541-62.0LCT-ND"; VariantName = "[No Variations]"
Change component parameters (AddParameter): Name = "Symbol"; Value = "Resistor"; VariantName = "[No Variations]"
Change component parameters (AddParameter): Name = "Temperature Coefficient"; Value = "100ppm/C"; VariantName = "[No Variations]"
Change component parameters (AddParameter): Name = "Tolerance"; Value = "1%"; VariantName = "[No Variations]"
Change component parameters (AddParameter): Name = "Type"; Value = "RES SMD"; VariantName = "[No Variations]"
Change component parameters (AddParameter): Name = "Value"; Value = "62R"; VariantName = "[No Variations]"
Change component parameters (AddParameter): Name = "Voltage"; Value = "50V"; VariantName = "[No Variations]"
Change component parameters: Designator = "R59" ("R59"); Footprint = "RES_C_0603"; UniqueID = "\DDSOUVQC" ("\DDSOUVQC")
Change component parameters (AddParameter): Name = "Category"; Value = "Resistor"; VariantName = "[No Variations]"
Change component parameters (AddParameter): Name = "ComponentLink1Description"; Value = "SVN Datasheet"; VariantName = "[No Variations]"
Change component parameters (AddParameter): Name = "ComponentLink1URL"; Value = "https://chn-vm-apps.microchip.com/mchprepo/parts/Datasheets/PYu-RT_1-to-0.01_RoHS_L_9-1.pdf"; VariantName = "[No Variations]"
Change component parameters (AddParameter): Name = "ComponentLink2Description"; Value = "Local Datasheet"; VariantName = "[No Variations]"
Change component parameters (AddParameter): Name = "ComponentLink2URL"; Value = "C:\ALTIUM_WORK\00001_MCHP-CDB\Datasheets\PYu-RT_1-to-0.01_RoHS_L_9-1.pdf"; VariantName = "[No Variations]"
Change component parameters (AddParameter): Name = "ComponentLink3Description"; Value = "Open Symbol"; VariantName = "[No Variations]"
Change component parameters (AddParameter): Name = "ComponentLink3URL"; Value = "C:\ALTIUM_WORK\00001_MCHP-CDB\Library\LibraryRefs\Resistor.SchLib"; VariantName = "[No Variations]"
Change component parameters (AddParameter): Name = "ComponentLink4Description"; Value = "Open Footprint"; VariantName = "[No Variations]"
Change component parameters (AddParameter): Name = "ComponentLink4URL"; Value = "C:\ALTIUM_WORK\00001_MCHP-CDB\Library\Footprints\RES_C_0402.PcbLib"; VariantName = "[No Variations]"
Change component parameters (AddParameter): Name = "ComponentLink5Description"; Value = "Open Footprint 2"; VariantName = "[No Variations]"
Change component parameters (AddParameter): Name = "ComponentLink6Description"; Value = "Open Footprint 3"; VariantName = "[No Variations]"
Change component parameters (AddParameter): Name = "ComponentLink7Description"; Value = "Open Footprint 4"; VariantName = "[No Variations]"
Change component parameters (AddParameter): Name = "Composition"; Value = "TKF"; VariantName = "[No Variations]"
Change component parameters (AddParameter): Name = "Description_"; Value = "RES TKF 360R 0.1% 0.1W SMD 0402"; VariantName = "[No Variations]"
Change component parameters (AddParameter): Name = "Dev Tools Status"; Value = "Design"; VariantName = "[No Variations]"
Change component parameters (AddParameter): Name = "Manufacturer 1"; Value = "Yageo"; VariantName = "[No Variations]"
Change component parameters (AddParameter): Name = "Manufacturer Part Number 1"; Value = "RT0402BRD07360RL"; VariantName = "[No Variations]"
Change component parameters (AddParameter): Name = "MCHP-ID"; Value = "RES2221"; VariantName = "[No Variations]"
Change component parameters (AddParameter): Name = "Operating Temperature"; Value = "-55C to +155C"; VariantName = "[No Variations]"
Change component parameters (AddParameter): Name = "Owner"; Value = "Cristian Papuc"; VariantName = "[No Variations]"
Change component parameters (AddParameter): Name = "Package"; Value = "0402"; VariantName = "[No Variations]"
Change component parameters (AddParameter): Name = "Populated"; Value = "YES"; VariantName = "[No Variations]"
Change component parameters (AddParameter): Name = "Power"; Value = "1/10W"; VariantName = "[No Variations]"
Change component parameters (AddParameter): Name = "Quantity Override"; Value = "1"; VariantName = "[No Variations]"
Change component parameters (AddParameter): Name = "Restricted Sourcing"; Value = "No"; VariantName = "[No Variations]"
Change component parameters (AddParameter): Name = "Revision"; Value = "B"; VariantName = "[No Variations]"
Change component parameters (AddParameter): Name = "Status"; Value = "MCL Design"; VariantName = "[No Variations]"
Change component parameters (AddParameter): Name = "Supplier 1"; Value = "Digi-Key"; VariantName = "[No Variations]"
Change component parameters (AddParameter): Name = "Supplier Part Number 1"; Value = "YAG1413CT-ND"; VariantName = "[No Variations]"
Change component parameters (AddParameter): Name = "Symbol"; Value = "Resistor"; VariantName = "[No Variations]"
Change component parameters (AddParameter): Name = "Temperature Coefficient"; Value = "25ppm/C"; VariantName = "[No Variations]"
Change component parameters (AddParameter): Name = "Tolerance"; Value = "0.1%"; VariantName = "[No Variations]"
Change component parameters (AddParameter): Name = "Type"; Value = "RES SMD"; VariantName = "[No Variations]"
Change component parameters (AddParameter): Name = "Value"; Value = "360R"; VariantName = "[No Variations]"
Change component parameters (AddParameter): Name = "Voltage"; Value = "50V"; VariantName = "[No Variations]"
Change component parameters: Designator = "R60" ("R60"); Footprint = "RES_C_0603"; UniqueID = "\CISUGMRW" ("\CISUGMRW")
Change component parameters (AddParameter): Name = "Category"; Value = "Resistor"; VariantName = "[No Variations]"
Change component parameters (AddParameter): Name = "ComponentLink1Description"; Value = "SVN Datasheet"; VariantName = "[No Variations]"
Change component parameters (AddParameter): Name = "ComponentLink1URL"; Value = "https://chn-vm-apps.microchip.com/mchprepo/parts/Datasheets/AOA0000C307.pdf"; VariantName = "[No Variations]"
Change component parameters (AddParameter): Name = "ComponentLink2Description"; Value = "Local Datasheet"; VariantName = "[No Variations]"
Change component parameters (AddParameter): Name = "ComponentLink2URL"; Value = "C:\ALTIUM_WORK\00001_MCHP-CDB\Datasheets\AOA0000C307.pdf"; VariantName = "[No Variations]"
Change component parameters (AddParameter): Name = "ComponentLink3Description"; Value = "Open Symbol"; VariantName = "[No Variations]"
Change component parameters (AddParameter): Name = "ComponentLink3URL"; Value = "C:\ALTIUM_WORK\00001_MCHP-CDB\Library\LibraryRefs\Resistor.SchLib"; VariantName = "[No Variations]"
Change component parameters (AddParameter): Name = "ComponentLink4Description"; Value = "Open Footprint"; VariantName = "[No Variations]"
Change component parameters (AddParameter): Name = "ComponentLink4URL"; Value = "C:\ALTIUM_WORK\00001_MCHP-CDB\Library\Footprints\RES_C_0402.PcbLib"; VariantName = "[No Variations]"
Change component parameters (AddParameter): Name = "ComponentLink5Description"; Value = "Open Footprint 2"; VariantName = "[No Variations]"
Change component parameters (AddParameter): Name = "ComponentLink6Description"; Value = "Open Footprint 3"; VariantName = "[No Variations]"
Change component parameters (AddParameter): Name = "ComponentLink7Description"; Value = "Open Footprint 4"; VariantName = "[No Variations]"
Change component parameters (AddParameter): Name = "Composition"; Value = "TF"; VariantName = "[No Variations]"
Change component parameters (AddParameter): Name = "Description_"; Value = "RES TF 7.5k 0.1% 1/16W SMD 0402 AEC-Q200"; VariantName = "[No Variations]"
Change component parameters (AddParameter): Name = "Dev Tools Status"; Value = "Production"; VariantName = "[No Variations]"
Change component parameters (AddParameter): Name = "Manufacturer 1"; Value = "Panasonic"; VariantName = "[No Variations]"
Change component parameters (AddParameter): Name = "Manufacturer 2"; Value = "Yageo"; VariantName = "[No Variations]"
Change component parameters (AddParameter): Name = "Manufacturer Part Number 1"; Value = "ERA-2AEB752X"; VariantName = "[No Variations]"
Change component parameters (AddParameter): Name = "Manufacturer Part Number 2"; Value = "RP0402BRD077K5L"; VariantName = "[No Variations]"
Change component parameters (AddParameter): Name = "MCHP-ID"; Value = "RES3451"; VariantName = "[No Variations]"
Change component parameters (AddParameter): Name = "Operating Temperature"; Value = "-55C to +155C"; VariantName = "[No Variations]"
Change component parameters (AddParameter): Name = "Owner"; Value = "Narasimha Murthy"; VariantName = "[No Variations]"
Change component parameters (AddParameter): Name = "Package"; Value = "0402"; VariantName = "[No Variations]"
Change component parameters (AddParameter): Name = "Populated"; Value = "YES"; VariantName = "[No Variations]"
Change component parameters (AddParameter): Name = "Power"; Value = "1/16W"; VariantName = "[No Variations]"
Change component parameters (AddParameter): Name = "Quantity Override"; Value = "1"; VariantName = "[No Variations]"
Change component parameters (AddParameter): Name = "Restricted Sourcing"; Value = "No"; VariantName = "[No Variations]"
Change component parameters (AddParameter): Name = "Revision"; Value = "1"; VariantName = "[No Variations]"
Change component parameters (AddParameter): Name = "Status"; Value = "MCL Design"; VariantName = "[No Variations]"
Change component parameters (AddParameter): Name = "Supplier 1"; Value = "Digi-Key"; VariantName = "[No Variations]"
Change component parameters (AddParameter): Name = "Supplier 2"; Value = "Digi-Key"; VariantName = "[No Variations]"
Change component parameters (AddParameter): Name = "Supplier Part Number 1"; Value = "P7.5KDCCT-ND"; VariantName = "[No Variations]"
Change component parameters (AddParameter): Name = "Supplier Part Number 2"; Value = "13-RP0402BRD077K5LCT-ND"; VariantName = "[No Variations]"
Change component parameters (AddParameter): Name = "Symbol"; Value = "Resistor"; VariantName = "[No Variations]"
Change component parameters (AddParameter): Name = "Temperature Coefficient"; Value = "25ppm/C"; VariantName = "[No Variations]"
Change component parameters (AddParameter): Name = "Tolerance"; Value = "0.1%"; VariantName = "[No Variations]"
Change component parameters (AddParameter): Name = "Type"; Value = "RES SMD"; VariantName = "[No Variations]"
Change component parameters (AddParameter): Name = "Value"; Value = "7.5k"; VariantName = "[No Variations]"
Change component parameters: Designator = "R67" ("R67"); Footprint = "RES_C_0603"; UniqueID = "\TPPYQIEY" ("\TPPYQIEY")
Change component parameters (AddParameter): Name = "Category"; Value = "Resistor"; VariantName = "[No Variations]"
Change component parameters (AddParameter): Name = "ComponentLink1Description"; Value = "SVN Datasheet"; VariantName = "[No Variations]"
Change component parameters (AddParameter): Name = "ComponentLink1URL"; Value = "https://chn-vm-apps.microchip.com/mchprepo/parts/Datasheets/dcrcwe3.pdf"; VariantName = "[No Variations]"
Change component parameters (AddParameter): Name = "ComponentLink2Description"; Value = "Local Datasheet"; VariantName = "[No Variations]"
Change component parameters (AddParameter): Name = "ComponentLink2URL"; Value = "C:\ALTIUM_WORK\00001_MCHP-CDB\Datasheets\dcrcwe3.pdf"; VariantName = "[No Variations]"
Change component parameters (AddParameter): Name = "ComponentLink3Description"; Value = "Open Symbol"; VariantName = "[No Variations]"
Change component parameters (AddParameter): Name = "ComponentLink3URL"; Value = "C:\ALTIUM_WORK\00001_MCHP-CDB\Library\LibraryRefs\Resistor.SchLib"; VariantName = "[No Variations]"
Change component parameters (AddParameter): Name = "ComponentLink4Description"; Value = "Open Footprint"; VariantName = "[No Variations]"
Change component parameters (AddParameter): Name = "ComponentLink4URL"; Value = "C:\ALTIUM_WORK\00001_MCHP-CDB\Library\Footprints\RES_C_0402.PcbLib"; VariantName = "[No Variations]"
Change component parameters (AddParameter): Name = "ComponentLink5Description"; Value = "Open Footprint 2"; VariantName = "[No Variations]"
Change component parameters (AddParameter): Name = "ComponentLink6Description"; Value = "Open Footprint 3"; VariantName = "[No Variations]"
Change component parameters (AddParameter): Name = "ComponentLink7Description"; Value = "Open Footprint 4"; VariantName = "[No Variations]"
Change component parameters (AddParameter): Name = "Composition"; Value = "TKF"; VariantName = "[No Variations]"
Change component parameters (AddParameter): Name = "Description_"; Value = "RES TKF 62R 1% 1/16W SMD 0402 AEC-Q200"; VariantName = "[No Variations]"
Change component parameters (AddParameter): Name = "Dev Tools Status"; Value = "Design"; VariantName = "[No Variations]"
Change component parameters (AddParameter): Name = "Manufacturer 1"; Value = "Stackpole Electronics Inc"; VariantName = "[No Variations]"
Change component parameters (AddParameter): Name = "Manufacturer 2"; Value = "Yageo"; VariantName = "[No Variations]"
Change component parameters (AddParameter): Name = "Manufacturer 3"; Value = "Vishay"; VariantName = "[No Variations]"
Change component parameters (AddParameter): Name = "Manufacturer Part Number 1"; Value = "RMCF0402FT62R0"; VariantName = "[No Variations]"
Change component parameters (AddParameter): Name = "Manufacturer Part Number 2"; Value = "AC0402FR-0762RL"; VariantName = "[No Variations]"
Change component parameters (AddParameter): Name = "Manufacturer Part Number 3"; Value = "CRCW040262R0FKED"; VariantName = "[No Variations]"
Change component parameters (AddParameter): Name = "MCHP-ID"; Value = "RSMT1213"; VariantName = "[No Variations]"
Change component parameters (AddParameter): Name = "Operating Temperature"; Value = "-55C to +155C"; VariantName = "[No Variations]"
Change component parameters (AddParameter): Name = "Owner"; Value = "Dragos Danaila"; VariantName = "[No Variations]"
Change component parameters (AddParameter): Name = "Package"; Value = "0402"; VariantName = "[No Variations]"
Change component parameters (AddParameter): Name = "Populated"; Value = "YES"; VariantName = "[No Variations]"
Change component parameters (AddParameter): Name = "Power"; Value = "1/16W"; VariantName = "[No Variations]"
Change component parameters (AddParameter): Name = "Quantity Override"; Value = "1"; VariantName = "[No Variations]"
Change component parameters (AddParameter): Name = "Restricted Sourcing"; Value = "No"; VariantName = "[No Variations]"
Change component parameters (AddParameter): Name = "Revision"; Value = "C"; VariantName = "[No Variations]"
Change component parameters (AddParameter): Name = "Status"; Value = "MCL Design"; VariantName = "[No Variations]"
Change component parameters (AddParameter): Name = "Supplier 1"; Value = "Digi-Key"; VariantName = "[No Variations]"
Change component parameters (AddParameter): Name = "Supplier 2"; Value = "Digi-Key"; VariantName = "[No Variations]"
Change component parameters (AddParameter): Name = "Supplier 3"; Value = "Digi-Key"; VariantName = "[No Variations]"
Change component parameters (AddParameter): Name = "Supplier Part Number 1"; Value = "RMCF0402FT62R0CT-ND"; VariantName = "[No Variations]"
Change component parameters (AddParameter): Name = "Supplier Part Number 2"; Value = "13-AC0402FR-0762RLCT-ND"; VariantName = "[No Variations]"
Change component parameters (AddParameter): Name = "Supplier Part Number 3"; Value = "541-62.0LCT-ND"; VariantName = "[No Variations]"
Change component parameters (AddParameter): Name = "Symbol"; Value = "Resistor"; VariantName = "[No Variations]"
Change component parameters (AddParameter): Name = "Temperature Coefficient"; Value = "100ppm/C"; VariantName = "[No Variations]"
Change component parameters (AddParameter): Name = "Tolerance"; Value = "1%"; VariantName = "[No Variations]"
Change component parameters (AddParameter): Name = "Type"; Value = "RES SMD"; VariantName = "[No Variations]"
Change component parameters (AddParameter): Name = "Value"; Value = "62R"; VariantName = "[No Variations]"
Change component parameters (AddParameter): Name = "Voltage"; Value = "50V"; VariantName = "[No Variations]"
Change component parameters: Designator = "R68" ("R68"); Footprint = "RES_C_0603"; UniqueID = "\HSKTLAQU" ("\HSKTLAQU")
Change component parameters (AddParameter): Name = "Category"; Value = "Resistor"; VariantName = "[No Variations]"
Change component parameters (AddParameter): Name = "ComponentLink1Description"; Value = "SVN Datasheet"; VariantName = "[No Variations]"
Change component parameters (AddParameter): Name = "ComponentLink1URL"; Value = "https://chn-vm-apps.microchip.com/mchprepo/parts/Datasheets/PYu-RT_1-to-0.01_RoHS_L_9-1.pdf"; VariantName = "[No Variations]"
Change component parameters (AddParameter): Name = "ComponentLink2Description"; Value = "Local Datasheet"; VariantName = "[No Variations]"
Change component parameters (AddParameter): Name = "ComponentLink2URL"; Value = "C:\ALTIUM_WORK\00001_MCHP-CDB\Datasheets\PYu-RT_1-to-0.01_RoHS_L_9-1.pdf"; VariantName = "[No Variations]"
Change component parameters (AddParameter): Name = "ComponentLink3Description"; Value = "Open Symbol"; VariantName = "[No Variations]"
Change component parameters (AddParameter): Name = "ComponentLink3URL"; Value = "C:\ALTIUM_WORK\00001_MCHP-CDB\Library\LibraryRefs\Resistor.SchLib"; VariantName = "[No Variations]"
Change component parameters (AddParameter): Name = "ComponentLink4Description"; Value = "Open Footprint"; VariantName = "[No Variations]"
Change component parameters (AddParameter): Name = "ComponentLink4URL"; Value = "C:\ALTIUM_WORK\00001_MCHP-CDB\Library\Footprints\RES_C_0402.PcbLib"; VariantName = "[No Variations]"
Change component parameters (AddParameter): Name = "ComponentLink5Description"; Value = "Open Footprint 2"; VariantName = "[No Variations]"
Change component parameters (AddParameter): Name = "ComponentLink6Description"; Value = "Open Footprint 3"; VariantName = "[No Variations]"
Change component parameters (AddParameter): Name = "ComponentLink7Description"; Value = "Open Footprint 4"; VariantName = "[No Variations]"
Change component parameters (AddParameter): Name = "Composition"; Value = "TKF"; VariantName = "[No Variations]"
Change component parameters (AddParameter): Name = "Description_"; Value = "RES TKF 360R 0.1% 0.1W SMD 0402"; VariantName = "[No Variations]"
Change component parameters (AddParameter): Name = "Dev Tools Status"; Value = "Design"; VariantName = "[No Variations]"
Change component parameters (AddParameter): Name = "Manufacturer 1"; Value = "Yageo"; VariantName = "[No Variations]"
Change component parameters (AddParameter): Name = "Manufacturer Part Number 1"; Value = "RT0402BRD07360RL"; VariantName = "[No Variations]"
Change component parameters (AddParameter): Name = "MCHP-ID"; Value = "RES2221"; VariantName = "[No Variations]"
Change component parameters (AddParameter): Name = "Operating Temperature"; Value = "-55C to +155C"; VariantName = "[No Variations]"
Change component parameters (AddParameter): Name = "Owner"; Value = "Cristian Papuc"; VariantName = "[No Variations]"
Change component parameters (AddParameter): Name = "Package"; Value = "0402"; VariantName = "[No Variations]"
Change component parameters (AddParameter): Name = "Populated"; Value = "YES"; VariantName = "[No Variations]"
Change component parameters (AddParameter): Name = "Power"; Value = "1/10W"; VariantName = "[No Variations]"
Change component parameters (AddParameter): Name = "Quantity Override"; Value = "1"; VariantName = "[No Variations]"
Change component parameters (AddParameter): Name = "Restricted Sourcing"; Value = "No"; VariantName = "[No Variations]"
Change component parameters (AddParameter): Name = "Revision"; Value = "B"; VariantName = "[No Variations]"
Change component parameters (AddParameter): Name = "Status"; Value = "MCL Design"; VariantName = "[No Variations]"
Change component parameters (AddParameter): Name = "Supplier 1"; Value = "Digi-Key"; VariantName = "[No Variations]"
Change component parameters (AddParameter): Name = "Supplier Part Number 1"; Value = "YAG1413CT-ND"; VariantName = "[No Variations]"
Change component parameters (AddParameter): Name = "Symbol"; Value = "Resistor"; VariantName = "[No Variations]"
Change component parameters (AddParameter): Name = "Temperature Coefficient"; Value = "25ppm/C"; VariantName = "[No Variations]"
Change component parameters (AddParameter): Name = "Tolerance"; Value = "0.1%"; VariantName = "[No Variations]"
Change component parameters (AddParameter): Name = "Type"; Value = "RES SMD"; VariantName = "[No Variations]"
Change component parameters (AddParameter): Name = "Value"; Value = "360R"; VariantName = "[No Variations]"
Change component parameters (AddParameter): Name = "Voltage"; Value = "50V"; VariantName = "[No Variations]"
Change component parameters: Designator = "R69" ("R69"); Footprint = "RES_C_0603"; UniqueID = "\MDTRUUTQ" ("\MDTRUUTQ")
Change component parameters (AddParameter): Name = "Category"; Value = "Resistor"; VariantName = "[No Variations]"
Change component parameters (AddParameter): Name = "ComponentLink1Description"; Value = "SVN Datasheet"; VariantName = "[No Variations]"
Change component parameters (AddParameter): Name = "ComponentLink1URL"; Value = "https://chn-vm-apps.microchip.com/mchprepo/parts/Datasheets/AOA0000C304.pdf"; VariantName = "[No Variations]"
Change component parameters (AddParameter): Name = "ComponentLink2Description"; Value = "Local Datasheet"; VariantName = "[No Variations]"
Change component parameters (AddParameter): Name = "ComponentLink2URL"; Value = "C:\ALTIUM_WORK\00001_MCHP-CDB\Datasheets\AOA0000C304.pdf"; VariantName = "[No Variations]"
Change component parameters (AddParameter): Name = "ComponentLink3Description"; Value = "Open Symbol"; VariantName = "[No Variations]"
Change component parameters (AddParameter): Name = "ComponentLink3URL"; Value = "C:\ALTIUM_WORK\00001_MCHP-CDB\Library\LibraryRefs\Resistor.SchLib"; VariantName = "[No Variations]"
Change component parameters (AddParameter): Name = "ComponentLink4Description"; Value = "Open Footprint"; VariantName = "[No Variations]"
Change component parameters (AddParameter): Name = "ComponentLink4URL"; Value = "C:\ALTIUM_WORK\00001_MCHP-CDB\Library\Footprints\RES_C_0402.PcbLib"; VariantName = "[No Variations]"
Change component parameters (AddParameter): Name = "ComponentLink5Description"; Value = "Open Footprint 2"; VariantName = "[No Variations]"
Change component parameters (AddParameter): Name = "ComponentLink6Description"; Value = "Open Footprint 3"; VariantName = "[No Variations]"
Change component parameters (AddParameter): Name = "ComponentLink7Description"; Value = "Open Footprint 4"; VariantName = "[No Variations]"
Change component parameters (AddParameter): Name = "Composition"; Value = "TKF"; VariantName = "[No Variations]"
Change component parameters (AddParameter): Name = "Description_"; Value = "RES TKF 3.4k 1% 1/10W SMD 0402 AEC-Q200"; VariantName = "[No Variations]"
Change component parameters (AddParameter): Name = "Dev Tools Status"; Value = "Design"; VariantName = "[No Variations]"
Change component parameters (AddParameter): Name = "Manufacturer 1"; Value = "Panasonic"; VariantName = "[No Variations]"
Change component parameters (AddParameter): Name = "Manufacturer Part Number 1"; Value = "ERJ-2RKF3401X"; VariantName = "[No Variations]"
Change component parameters (AddParameter): Name = "MCHP-ID"; Value = "RES3368"; VariantName = "[No Variations]"
Change component parameters (AddParameter): Name = "Operating Temperature"; Value = "–55C to 155C"; VariantName = "[No Variations]"
Change component parameters (AddParameter): Name = "Owner"; Value = "Deepak Kariyappa"; VariantName = "[No Variations]"
Change component parameters (AddParameter): Name = "Package"; Value = "0402"; VariantName = "[No Variations]"
Change component parameters (AddParameter): Name = "Populated"; Value = "Yes"; VariantName = "[No Variations]"
Change component parameters (AddParameter): Name = "Power"; Value = "1/10W"; VariantName = "[No Variations]"
Change component parameters (AddParameter): Name = "Quantity Override"; Value = "1"; VariantName = "[No Variations]"
Change component parameters (AddParameter): Name = "Restricted Sourcing"; Value = "No"; VariantName = "[No Variations]"
Change component parameters (AddParameter): Name = "Revision"; Value = "2"; VariantName = "[No Variations]"
Change component parameters (AddParameter): Name = "Status"; Value = "MCL Design"; VariantName = "[No Variations]"
Change component parameters (AddParameter): Name = "Supplier 1"; Value = "Digi-Key"; VariantName = "[No Variations]"
Change component parameters (AddParameter): Name = "Supplier Part Number 1"; Value = "P3.40KLTR-ND"; VariantName = "[No Variations]"
Change component parameters (AddParameter): Name = "Symbol"; Value = "Resistor"; VariantName = "[No Variations]"
Change component parameters (AddParameter): Name = "Temperature Coefficient"; Value = "100ppm/C"; VariantName = "[No Variations]"
Change component parameters (AddParameter): Name = "Tolerance"; Value = "1%"; VariantName = "[No Variations]"
Change component parameters (AddParameter): Name = "Type"; Value = "RES SMD"; VariantName = "[No Variations]"
Change component parameters (AddParameter): Name = "Value"; Value = "3.4k"; VariantName = "[No Variations]"
Change component parameters (AddParameter): Name = "Voltage"; Value = "50V"; VariantName = "[No Variations]"
Change component parameters: Designator = "R74" ("R74"); Footprint = "RES_C_0603"; UniqueID = "\OXLUIOLO" ("\OXLUIOLO")
Change component parameters (AddParameter): Name = "Category"; Value = "Resistor"; VariantName = "[No Variations]"
Change component parameters (AddParameter): Name = "ComponentLink1Description"; Value = "SVN Datasheet"; VariantName = "[No Variations]"
Change component parameters (AddParameter): Name = "ComponentLink1URL"; Value = "https://chn-vm-apps.microchip.com/mchprepo/parts/Datasheets/dcrcwe3.pdf"; VariantName = "[No Variations]"
Change component parameters (AddParameter): Name = "ComponentLink2Description"; Value = "Local Datasheet"; VariantName = "[No Variations]"
Change component parameters (AddParameter): Name = "ComponentLink2URL"; Value = "C:\ALTIUM_WORK\00001_MCHP-CDB\Datasheets\dcrcwe3.pdf"; VariantName = "[No Variations]"
Change component parameters (AddParameter): Name = "ComponentLink3Description"; Value = "Open Symbol"; VariantName = "[No Variations]"
Change component parameters (AddParameter): Name = "ComponentLink3URL"; Value = "C:\ALTIUM_WORK\00001_MCHP-CDB\Library\LibraryRefs\Resistor.SchLib"; VariantName = "[No Variations]"
Change component parameters (AddParameter): Name = "ComponentLink4Description"; Value = "Open Footprint"; VariantName = "[No Variations]"
Change component parameters (AddParameter): Name = "ComponentLink4URL"; Value = "C:\ALTIUM_WORK\00001_MCHP-CDB\Library\Footprints\RES_C_0402.PcbLib"; VariantName = "[No Variations]"
Change component parameters (AddParameter): Name = "ComponentLink5Description"; Value = "Open Footprint 2"; VariantName = "[No Variations]"
Change component parameters (AddParameter): Name = "ComponentLink6Description"; Value = "Open Footprint 3"; VariantName = "[No Variations]"
Change component parameters (AddParameter): Name = "ComponentLink7Description"; Value = "Open Footprint 4"; VariantName = "[No Variations]"
Change component parameters (AddParameter): Name = "Composition"; Value = "TKF"; VariantName = "[No Variations]"
Change component parameters (AddParameter): Name = "Description_"; Value = "RES TKF 62R 1% 1/16W SMD 0402 AEC-Q200"; VariantName = "[No Variations]"
Change component parameters (AddParameter): Name = "Dev Tools Status"; Value = "Design"; VariantName = "[No Variations]"
Change component parameters (AddParameter): Name = "Manufacturer 1"; Value = "Stackpole Electronics Inc"; VariantName = "[No Variations]"
Change component parameters (AddParameter): Name = "Manufacturer 2"; Value = "Yageo"; VariantName = "[No Variations]"
Change component parameters (AddParameter): Name = "Manufacturer 3"; Value = "Vishay"; VariantName = "[No Variations]"
Change component parameters (AddParameter): Name = "Manufacturer Part Number 1"; Value = "RMCF0402FT62R0"; VariantName = "[No Variations]"
Change component parameters (AddParameter): Name = "Manufacturer Part Number 2"; Value = "AC0402FR-0762RL"; VariantName = "[No Variations]"
Change component parameters (AddParameter): Name = "Manufacturer Part Number 3"; Value = "CRCW040262R0FKED"; VariantName = "[No Variations]"
Change component parameters (AddParameter): Name = "MCHP-ID"; Value = "RSMT1213"; VariantName = "[No Variations]"
Change component parameters (AddParameter): Name = "Operating Temperature"; Value = "-55C to +155C"; VariantName = "[No Variations]"
Change component parameters (AddParameter): Name = "Owner"; Value = "Dragos Danaila"; VariantName = "[No Variations]"
Change component parameters (AddParameter): Name = "Package"; Value = "0402"; VariantName = "[No Variations]"
Change component parameters (AddParameter): Name = "Populated"; Value = "YES"; VariantName = "[No Variations]"
Change component parameters (AddParameter): Name = "Power"; Value = "1/16W"; VariantName = "[No Variations]"
Change component parameters (AddParameter): Name = "Quantity Override"; Value = "1"; VariantName = "[No Variations]"
Change component parameters (AddParameter): Name = "Restricted Sourcing"; Value = "No"; VariantName = "[No Variations]"
Change component parameters (AddParameter): Name = "Revision"; Value = "C"; VariantName = "[No Variations]"
Change component parameters (AddParameter): Name = "Status"; Value = "MCL Design"; VariantName = "[No Variations]"
Change component parameters (AddParameter): Name = "Supplier 1"; Value = "Digi-Key"; VariantName = "[No Variations]"
Change component parameters (AddParameter): Name = "Supplier 2"; Value = "Digi-Key"; VariantName = "[No Variations]"
Change component parameters (AddParameter): Name = "Supplier 3"; Value = "Digi-Key"; VariantName = "[No Variations]"
Change component parameters (AddParameter): Name = "Supplier Part Number 1"; Value = "RMCF0402FT62R0CT-ND"; VariantName = "[No Variations]"
Change component parameters (AddParameter): Name = "Supplier Part Number 2"; Value = "13-AC0402FR-0762RLCT-ND"; VariantName = "[No Variations]"
Change component parameters (AddParameter): Name = "Supplier Part Number 3"; Value = "541-62.0LCT-ND"; VariantName = "[No Variations]"
Change component parameters (AddParameter): Name = "Symbol"; Value = "Resistor"; VariantName = "[No Variations]"
Change component parameters (AddParameter): Name = "Temperature Coefficient"; Value = "100ppm/C"; VariantName = "[No Variations]"
Change component parameters (AddParameter): Name = "Tolerance"; Value = "1%"; VariantName = "[No Variations]"
Change component parameters (AddParameter): Name = "Type"; Value = "RES SMD"; VariantName = "[No Variations]"
Change component parameters (AddParameter): Name = "Value"; Value = "62R"; VariantName = "[No Variations]"
Change component parameters (AddParameter): Name = "Voltage"; Value = "50V"; VariantName = "[No Variations]"
Change component parameters: Designator = "R75" ("R75"); Footprint = "RES_C_0603"; UniqueID = "\KKOPNPAQ" ("\KKOPNPAQ")
Change component parameters (AddParameter): Name = "Category"; Value = "Resistor"; VariantName = "[No Variations]"
Change component parameters (AddParameter): Name = "ComponentLink1Description"; Value = "SVN Datasheet"; VariantName = "[No Variations]"
Change component parameters (AddParameter): Name = "ComponentLink1URL"; Value = "https://chn-vm-apps.microchip.com/mchprepo/parts/Datasheets/PYu-RT_1-to-0.01_RoHS_L_9-1.pdf"; VariantName = "[No Variations]"
Change component parameters (AddParameter): Name = "ComponentLink2Description"; Value = "Local Datasheet"; VariantName = "[No Variations]"
Change component parameters (AddParameter): Name = "ComponentLink2URL"; Value = "C:\ALTIUM_WORK\00001_MCHP-CDB\Datasheets\PYu-RT_1-to-0.01_RoHS_L_9-1.pdf"; VariantName = "[No Variations]"
Change component parameters (AddParameter): Name = "ComponentLink3Description"; Value = "Open Symbol"; VariantName = "[No Variations]"
Change component parameters (AddParameter): Name = "ComponentLink3URL"; Value = "C:\ALTIUM_WORK\00001_MCHP-CDB\Library\LibraryRefs\Resistor.SchLib"; VariantName = "[No Variations]"
Change component parameters (AddParameter): Name = "ComponentLink4Description"; Value = "Open Footprint"; VariantName = "[No Variations]"
Change component parameters (AddParameter): Name = "ComponentLink4URL"; Value = "C:\ALTIUM_WORK\00001_MCHP-CDB\Library\Footprints\RES_C_0402.PcbLib"; VariantName = "[No Variations]"
Change component parameters (AddParameter): Name = "ComponentLink5Description"; Value = "Open Footprint 2"; VariantName = "[No Variations]"
Change component parameters (AddParameter): Name = "ComponentLink6Description"; Value = "Open Footprint 3"; VariantName = "[No Variations]"
Change component parameters (AddParameter): Name = "ComponentLink7Description"; Value = "Open Footprint 4"; VariantName = "[No Variations]"
Change component parameters (AddParameter): Name = "Composition"; Value = "TKF"; VariantName = "[No Variations]"
Change component parameters (AddParameter): Name = "Description_"; Value = "RES TKF 360R 0.1% 0.1W SMD 0402"; VariantName = "[No Variations]"
Change component parameters (AddParameter): Name = "Dev Tools Status"; Value = "Design"; VariantName = "[No Variations]"
Change component parameters (AddParameter): Name = "Manufacturer 1"; Value = "Yageo"; VariantName = "[No Variations]"
Change component parameters (AddParameter): Name = "Manufacturer Part Number 1"; Value = "RT0402BRD07360RL"; VariantName = "[No Variations]"
Change component parameters (AddParameter): Name = "MCHP-ID"; Value = "RES2221"; VariantName = "[No Variations]"
Change component parameters (AddParameter): Name = "Operating Temperature"; Value = "-55C to +155C"; VariantName = "[No Variations]"
Change component parameters (AddParameter): Name = "Owner"; Value = "Cristian Papuc"; VariantName = "[No Variations]"
Change component parameters (AddParameter): Name = "Package"; Value = "0402"; VariantName = "[No Variations]"
Change component parameters (AddParameter): Name = "Populated"; Value = "YES"; VariantName = "[No Variations]"
Change component parameters (AddParameter): Name = "Power"; Value = "1/10W"; VariantName = "[No Variations]"
Change component parameters (AddParameter): Name = "Quantity Override"; Value = "1"; VariantName = "[No Variations]"
Change component parameters (AddParameter): Name = "Restricted Sourcing"; Value = "No"; VariantName = "[No Variations]"
Change component parameters (AddParameter): Name = "Revision"; Value = "B"; VariantName = "[No Variations]"
Change component parameters (AddParameter): Name = "Status"; Value = "MCL Design"; VariantName = "[No Variations]"
Change component parameters (AddParameter): Name = "Supplier 1"; Value = "Digi-Key"; VariantName = "[No Variations]"
Change component parameters (AddParameter): Name = "Supplier Part Number 1"; Value = "YAG1413CT-ND"; VariantName = "[No Variations]"
Change component parameters (AddParameter): Name = "Symbol"; Value = "Resistor"; VariantName = "[No Variations]"
Change component parameters (AddParameter): Name = "Temperature Coefficient"; Value = "25ppm/C"; VariantName = "[No Variations]"
Change component parameters (AddParameter): Name = "Tolerance"; Value = "0.1%"; VariantName = "[No Variations]"
Change component parameters (AddParameter): Name = "Type"; Value = "RES SMD"; VariantName = "[No Variations]"
Change component parameters (AddParameter): Name = "Value"; Value = "360R"; VariantName = "[No Variations]"
Change component parameters (AddParameter): Name = "Voltage"; Value = "50V"; VariantName = "[No Variations]"
Change component parameters: Designator = "R76" ("R76"); Footprint = "RES_C_0603"; UniqueID = "\MZFZNQER" ("\MZFZNQER")
Change component parameters (AddParameter): Name = "Category"; Value = "Resistor"; VariantName = "[No Variations]"
Change component parameters (AddParameter): Name = "ComponentLink1Description"; Value = "SVN Datasheet"; VariantName = "[No Variations]"
Change component parameters (AddParameter): Name = "ComponentLink1URL"; Value = "https://chn-vm-apps.microchip.com/mchprepo/parts/Datasheets/AOA0000C307.pdf"; VariantName = "[No Variations]"
Change component parameters (AddParameter): Name = "ComponentLink2Description"; Value = "Local Datasheet"; VariantName = "[No Variations]"
Change component parameters (AddParameter): Name = "ComponentLink2URL"; Value = "C:\ALTIUM_WORK\00001_MCHP-CDB\Datasheets\AOA0000C307.pdf"; VariantName = "[No Variations]"
Change component parameters (AddParameter): Name = "ComponentLink3Description"; Value = "Open Symbol"; VariantName = "[No Variations]"
Change component parameters (AddParameter): Name = "ComponentLink3URL"; Value = "C:\ALTIUM_WORK\00001_MCHP-CDB\Library\LibraryRefs\Resistor.SchLib"; VariantName = "[No Variations]"
Change component parameters (AddParameter): Name = "ComponentLink4Description"; Value = "Open Footprint"; VariantName = "[No Variations]"
Change component parameters (AddParameter): Name = "ComponentLink4URL"; Value = "C:\ALTIUM_WORK\00001_MCHP-CDB\Library\Footprints\RES_C_0402.PcbLib"; VariantName = "[No Variations]"
Change component parameters (AddParameter): Name = "ComponentLink5Description"; Value = "Open Footprint 2"; VariantName = "[No Variations]"
Change component parameters (AddParameter): Name = "ComponentLink6Description"; Value = "Open Footprint 3"; VariantName = "[No Variations]"
Change component parameters (AddParameter): Name = "ComponentLink7Description"; Value = "Open Footprint 4"; VariantName = "[No Variations]"
Change component parameters (AddParameter): Name = "Composition"; Value = "TF"; VariantName = "[No Variations]"
Change component parameters (AddParameter): Name = "Description_"; Value = "RES TF 7.5k 0.1% 1/16W SMD 0402 AEC-Q200"; VariantName = "[No Variations]"
Change component parameters (AddParameter): Name = "Dev Tools Status"; Value = "Production"; VariantName = "[No Variations]"
Change component parameters (AddParameter): Name = "Manufacturer 1"; Value = "Panasonic"; VariantName = "[No Variations]"
Change component parameters (AddParameter): Name = "Manufacturer 2"; Value = "Yageo"; VariantName = "[No Variations]"
Change component parameters (AddParameter): Name = "Manufacturer Part Number 1"; Value = "ERA-2AEB752X"; VariantName = "[No Variations]"
Change component parameters (AddParameter): Name = "Manufacturer Part Number 2"; Value = "RP0402BRD077K5L"; VariantName = "[No Variations]"
Change component parameters (AddParameter): Name = "MCHP-ID"; Value = "RES3451"; VariantName = "[No Variations]"
Change component parameters (AddParameter): Name = "Operating Temperature"; Value = "-55C to +155C"; VariantName = "[No Variations]"
Change component parameters (AddParameter): Name = "Owner"; Value = "Narasimha Murthy"; VariantName = "[No Variations]"
Change component parameters (AddParameter): Name = "Package"; Value = "0402"; VariantName = "[No Variations]"
Change component parameters (AddParameter): Name = "Populated"; Value = "YES"; VariantName = "[No Variations]"
Change component parameters (AddParameter): Name = "Power"; Value = "1/16W"; VariantName = "[No Variations]"
Change component parameters (AddParameter): Name = "Quantity Override"; Value = "1"; VariantName = "[No Variations]"
Change component parameters (AddParameter): Name = "Restricted Sourcing"; Value = "No"; VariantName = "[No Variations]"
Change component parameters (AddParameter): Name = "Revision"; Value = "1"; VariantName = "[No Variations]"
Change component parameters (AddParameter): Name = "Status"; Value = "MCL Design"; VariantName = "[No Variations]"
Change component parameters (AddParameter): Name = "Supplier 1"; Value = "Digi-Key"; VariantName = "[No Variations]"
Change component parameters (AddParameter): Name = "Supplier 2"; Value = "Digi-Key"; VariantName = "[No Variations]"
Change component parameters (AddParameter): Name = "Supplier Part Number 1"; Value = "P7.5KDCCT-ND"; VariantName = "[No Variations]"
Change component parameters (AddParameter): Name = "Supplier Part Number 2"; Value = "13-RP0402BRD077K5LCT-ND"; VariantName = "[No Variations]"
Change component parameters (AddParameter): Name = "Symbol"; Value = "Resistor"; VariantName = "[No Variations]"
Change component parameters (AddParameter): Name = "Temperature Coefficient"; Value = "25ppm/C"; VariantName = "[No Variations]"
Change component parameters (AddParameter): Name = "Tolerance"; Value = "0.1%"; VariantName = "[No Variations]"
Change component parameters (AddParameter): Name = "Type"; Value = "RES SMD"; VariantName = "[No Variations]"
Change component parameters (AddParameter): Name = "Value"; Value = "7.5k"; VariantName = "[No Variations]"
Change component parameters: Designator = "R83" ("R83"); Footprint = "RES_C_0603"; UniqueID = "\PCJNAALG" ("\PCJNAALG")
Change component parameters (AddParameter): Name = "Category"; Value = "Resistor"; VariantName = "[No Variations]"
Change component parameters (AddParameter): Name = "ComponentLink1Description"; Value = "SVN Datasheet"; VariantName = "[No Variations]"
Change component parameters (AddParameter): Name = "ComponentLink1URL"; Value = "https://chn-vm-apps.microchip.com/mchprepo/parts/Datasheets/dcrcwe3.pdf"; VariantName = "[No Variations]"
Change component parameters (AddParameter): Name = "ComponentLink2Description"; Value = "Local Datasheet"; VariantName = "[No Variations]"
Change component parameters (AddParameter): Name = "ComponentLink2URL"; Value = "C:\ALTIUM_WORK\00001_MCHP-CDB\Datasheets\dcrcwe3.pdf"; VariantName = "[No Variations]"
Change component parameters (AddParameter): Name = "ComponentLink3Description"; Value = "Open Symbol"; VariantName = "[No Variations]"
Change component parameters (AddParameter): Name = "ComponentLink3URL"; Value = "C:\ALTIUM_WORK\00001_MCHP-CDB\Library\LibraryRefs\Resistor.SchLib"; VariantName = "[No Variations]"
Change component parameters (AddParameter): Name = "ComponentLink4Description"; Value = "Open Footprint"; VariantName = "[No Variations]"
Change component parameters (AddParameter): Name = "ComponentLink4URL"; Value = "C:\ALTIUM_WORK\00001_MCHP-CDB\Library\Footprints\RES_C_0402.PcbLib"; VariantName = "[No Variations]"
Change component parameters (AddParameter): Name = "ComponentLink5Description"; Value = "Open Footprint 2"; VariantName = "[No Variations]"
Change component parameters (AddParameter): Name = "ComponentLink6Description"; Value = "Open Footprint 3"; VariantName = "[No Variations]"
Change component parameters (AddParameter): Name = "ComponentLink7Description"; Value = "Open Footprint 4"; VariantName = "[No Variations]"
Change component parameters (AddParameter): Name = "Composition"; Value = "TKF"; VariantName = "[No Variations]"
Change component parameters (AddParameter): Name = "Description_"; Value = "RES TKF 62R 1% 1/16W SMD 0402 AEC-Q200"; VariantName = "[No Variations]"
Change component parameters (AddParameter): Name = "Dev Tools Status"; Value = "Design"; VariantName = "[No Variations]"
Change component parameters (AddParameter): Name = "Manufacturer 1"; Value = "Stackpole Electronics Inc"; VariantName = "[No Variations]"
Change component parameters (AddParameter): Name = "Manufacturer 2"; Value = "Yageo"; VariantName = "[No Variations]"
Change component parameters (AddParameter): Name = "Manufacturer 3"; Value = "Vishay"; VariantName = "[No Variations]"
Change component parameters (AddParameter): Name = "Manufacturer Part Number 1"; Value = "RMCF0402FT62R0"; VariantName = "[No Variations]"
Change component parameters (AddParameter): Name = "Manufacturer Part Number 2"; Value = "AC0402FR-0762RL"; VariantName = "[No Variations]"
Change component parameters (AddParameter): Name = "Manufacturer Part Number 3"; Value = "CRCW040262R0FKED"; VariantName = "[No Variations]"
Change component parameters (AddParameter): Name = "MCHP-ID"; Value = "RSMT1213"; VariantName = "[No Variations]"
Change component parameters (AddParameter): Name = "Operating Temperature"; Value = "-55C to +155C"; VariantName = "[No Variations]"
Change component parameters (AddParameter): Name = "Owner"; Value = "Dragos Danaila"; VariantName = "[No Variations]"
Change component parameters (AddParameter): Name = "Package"; Value = "0402"; VariantName = "[No Variations]"
Change component parameters (AddParameter): Name = "Populated"; Value = "YES"; VariantName = "[No Variations]"
Change component parameters (AddParameter): Name = "Power"; Value = "1/16W"; VariantName = "[No Variations]"
Change component parameters (AddParameter): Name = "Quantity Override"; Value = "1"; VariantName = "[No Variations]"
Change component parameters (AddParameter): Name = "Restricted Sourcing"; Value = "No"; VariantName = "[No Variations]"
Change component parameters (AddParameter): Name = "Revision"; Value = "C"; VariantName = "[No Variations]"
Change component parameters (AddParameter): Name = "Status"; Value = "MCL Design"; VariantName = "[No Variations]"
Change component parameters (AddParameter): Name = "Supplier 1"; Value = "Digi-Key"; VariantName = "[No Variations]"
Change component parameters (AddParameter): Name = "Supplier 2"; Value = "Digi-Key"; VariantName = "[No Variations]"
Change component parameters (AddParameter): Name = "Supplier 3"; Value = "Digi-Key"; VariantName = "[No Variations]"
Change component parameters (AddParameter): Name = "Supplier Part Number 1"; Value = "RMCF0402FT62R0CT-ND"; VariantName = "[No Variations]"
Change component parameters (AddParameter): Name = "Supplier Part Number 2"; Value = "13-AC0402FR-0762RLCT-ND"; VariantName = "[No Variations]"
Change component parameters (AddParameter): Name = "Supplier Part Number 3"; Value = "541-62.0LCT-ND"; VariantName = "[No Variations]"
Change component parameters (AddParameter): Name = "Symbol"; Value = "Resistor"; VariantName = "[No Variations]"
Change component parameters (AddParameter): Name = "Temperature Coefficient"; Value = "100ppm/C"; VariantName = "[No Variations]"
Change component parameters (AddParameter): Name = "Tolerance"; Value = "1%"; VariantName = "[No Variations]"
Change component parameters (AddParameter): Name = "Type"; Value = "RES SMD"; VariantName = "[No Variations]"
Change component parameters (AddParameter): Name = "Value"; Value = "62R"; VariantName = "[No Variations]"
Change component parameters (AddParameter): Name = "Voltage"; Value = "50V"; VariantName = "[No Variations]"
Change component parameters: Designator = "R84" ("R84"); Footprint = "RES_C_0603"; UniqueID = "\WCGRZVLI" ("\WCGRZVLI")
Change component parameters (AddParameter): Name = "Category"; Value = "Resistor"; VariantName = "[No Variations]"
Change component parameters (AddParameter): Name = "ComponentLink1Description"; Value = "SVN Datasheet"; VariantName = "[No Variations]"
Change component parameters (AddParameter): Name = "ComponentLink1URL"; Value = "https://chn-vm-apps.microchip.com/mchprepo/parts/Datasheets/PYu-RT_1-to-0.01_RoHS_L_9-1.pdf"; VariantName = "[No Variations]"
Change component parameters (AddParameter): Name = "ComponentLink2Description"; Value = "Local Datasheet"; VariantName = "[No Variations]"
Change component parameters (AddParameter): Name = "ComponentLink2URL"; Value = "C:\ALTIUM_WORK\00001_MCHP-CDB\Datasheets\PYu-RT_1-to-0.01_RoHS_L_9-1.pdf"; VariantName = "[No Variations]"
Change component parameters (AddParameter): Name = "ComponentLink3Description"; Value = "Open Symbol"; VariantName = "[No Variations]"
Change component parameters (AddParameter): Name = "ComponentLink3URL"; Value = "C:\ALTIUM_WORK\00001_MCHP-CDB\Library\LibraryRefs\Resistor.SchLib"; VariantName = "[No Variations]"
Change component parameters (AddParameter): Name = "ComponentLink4Description"; Value = "Open Footprint"; VariantName = "[No Variations]"
Change component parameters (AddParameter): Name = "ComponentLink4URL"; Value = "C:\ALTIUM_WORK\00001_MCHP-CDB\Library\Footprints\RES_C_0402.PcbLib"; VariantName = "[No Variations]"
Change component parameters (AddParameter): Name = "ComponentLink5Description"; Value = "Open Footprint 2"; VariantName = "[No Variations]"
Change component parameters (AddParameter): Name = "ComponentLink6Description"; Value = "Open Footprint 3"; VariantName = "[No Variations]"
Change component parameters (AddParameter): Name = "ComponentLink7Description"; Value = "Open Footprint 4"; VariantName = "[No Variations]"
Change component parameters (AddParameter): Name = "Composition"; Value = "TKF"; VariantName = "[No Variations]"
Change component parameters (AddParameter): Name = "Description_"; Value = "RES TKF 360R 0.1% 0.1W SMD 0402"; VariantName = "[No Variations]"
Change component parameters (AddParameter): Name = "Dev Tools Status"; Value = "Design"; VariantName = "[No Variations]"
Change component parameters (AddParameter): Name = "Manufacturer 1"; Value = "Yageo"; VariantName = "[No Variations]"
Change component parameters (AddParameter): Name = "Manufacturer Part Number 1"; Value = "RT0402BRD07360RL"; VariantName = "[No Variations]"
Change component parameters (AddParameter): Name = "MCHP-ID"; Value = "RES2221"; VariantName = "[No Variations]"
Change component parameters (AddParameter): Name = "Operating Temperature"; Value = "-55C to +155C"; VariantName = "[No Variations]"
Change component parameters (AddParameter): Name = "Owner"; Value = "Cristian Papuc"; VariantName = "[No Variations]"
Change component parameters (AddParameter): Name = "Package"; Value = "0402"; VariantName = "[No Variations]"
Change component parameters (AddParameter): Name = "Populated"; Value = "YES"; VariantName = "[No Variations]"
Change component parameters (AddParameter): Name = "Power"; Value = "1/10W"; VariantName = "[No Variations]"
Change component parameters (AddParameter): Name = "Quantity Override"; Value = "1"; VariantName = "[No Variations]"
Change component parameters (AddParameter): Name = "Restricted Sourcing"; Value = "No"; VariantName = "[No Variations]"
Change component parameters (AddParameter): Name = "Revision"; Value = "B"; VariantName = "[No Variations]"
Change component parameters (AddParameter): Name = "Status"; Value = "MCL Design"; VariantName = "[No Variations]"
Change component parameters (AddParameter): Name = "Supplier 1"; Value = "Digi-Key"; VariantName = "[No Variations]"
Change component parameters (AddParameter): Name = "Supplier Part Number 1"; Value = "YAG1413CT-ND"; VariantName = "[No Variations]"
Change component parameters (AddParameter): Name = "Symbol"; Value = "Resistor"; VariantName = "[No Variations]"
Change component parameters (AddParameter): Name = "Temperature Coefficient"; Value = "25ppm/C"; VariantName = "[No Variations]"
Change component parameters (AddParameter): Name = "Tolerance"; Value = "0.1%"; VariantName = "[No Variations]"
Change component parameters (AddParameter): Name = "Type"; Value = "RES SMD"; VariantName = "[No Variations]"
Change component parameters (AddParameter): Name = "Value"; Value = "360R"; VariantName = "[No Variations]"
Change component parameters (AddParameter): Name = "Voltage"; Value = "50V"; VariantName = "[No Variations]"
Change component parameters: Designator = "R85" ("R85"); Footprint = "RES_C_0603"; UniqueID = "\WSSGODLG" ("\WSSGODLG")
Change component parameters (AddParameter): Name = "Category"; Value = "Resistor"; VariantName = "[No Variations]"
Change component parameters (AddParameter): Name = "ComponentLink1Description"; Value = "SVN Datasheet"; VariantName = "[No Variations]"
Change component parameters (AddParameter): Name = "ComponentLink1URL"; Value = "https://chn-vm-apps.microchip.com/mchprepo/parts/Datasheets/AOA0000C304.pdf"; VariantName = "[No Variations]"
Change component parameters (AddParameter): Name = "ComponentLink2Description"; Value = "Local Datasheet"; VariantName = "[No Variations]"
Change component parameters (AddParameter): Name = "ComponentLink2URL"; Value = "C:\ALTIUM_WORK\00001_MCHP-CDB\Datasheets\AOA0000C304.pdf"; VariantName = "[No Variations]"
Change component parameters (AddParameter): Name = "ComponentLink3Description"; Value = "Open Symbol"; VariantName = "[No Variations]"
Change component parameters (AddParameter): Name = "ComponentLink3URL"; Value = "C:\ALTIUM_WORK\00001_MCHP-CDB\Library\LibraryRefs\Resistor.SchLib"; VariantName = "[No Variations]"
Change component parameters (AddParameter): Name = "ComponentLink4Description"; Value = "Open Footprint"; VariantName = "[No Variations]"
Change component parameters (AddParameter): Name = "ComponentLink4URL"; Value = "C:\ALTIUM_WORK\00001_MCHP-CDB\Library\Footprints\RES_C_0402.PcbLib"; VariantName = "[No Variations]"
Change component parameters (AddParameter): Name = "ComponentLink5Description"; Value = "Open Footprint 2"; VariantName = "[No Variations]"
Change component parameters (AddParameter): Name = "ComponentLink6Description"; Value = "Open Footprint 3"; VariantName = "[No Variations]"
Change component parameters (AddParameter): Name = "ComponentLink7Description"; Value = "Open Footprint 4"; VariantName = "[No Variations]"
Change component parameters (AddParameter): Name = "Composition"; Value = "TKF"; VariantName = "[No Variations]"
Change component parameters (AddParameter): Name = "Description_"; Value = "RES TKF 3.4k 1% 1/10W SMD 0402 AEC-Q200"; VariantName = "[No Variations]"
Change component parameters (AddParameter): Name = "Dev Tools Status"; Value = "Design"; VariantName = "[No Variations]"
Change component parameters (AddParameter): Name = "Manufacturer 1"; Value = "Panasonic"; VariantName = "[No Variations]"
Change component parameters (AddParameter): Name = "Manufacturer Part Number 1"; Value = "ERJ-2RKF3401X"; VariantName = "[No Variations]"
Change component parameters (AddParameter): Name = "MCHP-ID"; Value = "RES3368"; VariantName = "[No Variations]"
Change component parameters (AddParameter): Name = "Operating Temperature"; Value = "–55C to 155C"; VariantName = "[No Variations]"
Change component parameters (AddParameter): Name = "Owner"; Value = "Deepak Kariyappa"; VariantName = "[No Variations]"
Change component parameters (AddParameter): Name = "Package"; Value = "0402"; VariantName = "[No Variations]"
Change component parameters (AddParameter): Name = "Populated"; Value = "Yes"; VariantName = "[No Variations]"
Change component parameters (AddParameter): Name = "Power"; Value = "1/10W"; VariantName = "[No Variations]"
Change component parameters (AddParameter): Name = "Quantity Override"; Value = "1"; VariantName = "[No Variations]"
Change component parameters (AddParameter): Name = "Restricted Sourcing"; Value = "No"; VariantName = "[No Variations]"
Change component parameters (AddParameter): Name = "Revision"; Value = "2"; VariantName = "[No Variations]"
Change component parameters (AddParameter): Name = "Status"; Value = "MCL Design"; VariantName = "[No Variations]"
Change component parameters (AddParameter): Name = "Supplier 1"; Value = "Digi-Key"; VariantName = "[No Variations]"
Change component parameters (AddParameter): Name = "Supplier Part Number 1"; Value = "P3.40KLTR-ND"; VariantName = "[No Variations]"
Change component parameters (AddParameter): Name = "Symbol"; Value = "Resistor"; VariantName = "[No Variations]"
Change component parameters (AddParameter): Name = "Temperature Coefficient"; Value = "100ppm/C"; VariantName = "[No Variations]"
Change component parameters (AddParameter): Name = "Tolerance"; Value = "1%"; VariantName = "[No Variations]"
Change component parameters (AddParameter): Name = "Type"; Value = "RES SMD"; VariantName = "[No Variations]"
Change component parameters (AddParameter): Name = "Value"; Value = "3.4k"; VariantName = "[No Variations]"
Change component parameters (AddParameter): Name = "Voltage"; Value = "50V"; VariantName = "[No Variations]"
Change component parameters: Designator = "R91" ("R91"); Footprint = "RES_C_0603"; UniqueID = "\KHZFWYXD" ("\KHZFWYXD")
Change component parameters (AddParameter): Name = "Category"; Value = "Resistor"; VariantName = "[No Variations]"
Change component parameters (AddParameter): Name = "ComponentLink1Description"; Value = "SVN Datasheet"; VariantName = "[No Variations]"
Change component parameters (AddParameter): Name = "ComponentLink1URL"; Value = "https://chn-vm-apps.microchip.com/mchprepo/parts/Datasheets/dcrcwe3.pdf"; VariantName = "[No Variations]"
Change component parameters (AddParameter): Name = "ComponentLink2Description"; Value = "Local Datasheet"; VariantName = "[No Variations]"
Change component parameters (AddParameter): Name = "ComponentLink2URL"; Value = "C:\ALTIUM_WORK\00001_MCHP-CDB\Datasheets\dcrcwe3.pdf"; VariantName = "[No Variations]"
Change component parameters (AddParameter): Name = "ComponentLink3Description"; Value = "Open Symbol"; VariantName = "[No Variations]"
Change component parameters (AddParameter): Name = "ComponentLink3URL"; Value = "C:\ALTIUM_WORK\00001_MCHP-CDB\Library\LibraryRefs\Resistor.SchLib"; VariantName = "[No Variations]"
Change component parameters (AddParameter): Name = "ComponentLink4Description"; Value = "Open Footprint"; VariantName = "[No Variations]"
Change component parameters (AddParameter): Name = "ComponentLink4URL"; Value = "C:\ALTIUM_WORK\00001_MCHP-CDB\Library\Footprints\RES_C_0402.PcbLib"; VariantName = "[No Variations]"
Change component parameters (AddParameter): Name = "ComponentLink5Description"; Value = "Open Footprint 2"; VariantName = "[No Variations]"
Change component parameters (AddParameter): Name = "ComponentLink6Description"; Value = "Open Footprint 3"; VariantName = "[No Variations]"
Change component parameters (AddParameter): Name = "ComponentLink7Description"; Value = "Open Footprint 4"; VariantName = "[No Variations]"
Change component parameters (AddParameter): Name = "Composition"; Value = "TKF"; VariantName = "[No Variations]"
Change component parameters (AddParameter): Name = "Description_"; Value = "RES TKF 62R 1% 1/16W SMD 0402 AEC-Q200"; VariantName = "[No Variations]"
Change component parameters (AddParameter): Name = "Dev Tools Status"; Value = "Design"; VariantName = "[No Variations]"
Change component parameters (AddParameter): Name = "Manufacturer 1"; Value = "Stackpole Electronics Inc"; VariantName = "[No Variations]"
Change component parameters (AddParameter): Name = "Manufacturer 2"; Value = "Yageo"; VariantName = "[No Variations]"
Change component parameters (AddParameter): Name = "Manufacturer 3"; Value = "Vishay"; VariantName = "[No Variations]"
Change component parameters (AddParameter): Name = "Manufacturer Part Number 1"; Value = "RMCF0402FT62R0"; VariantName = "[No Variations]"
Change component parameters (AddParameter): Name = "Manufacturer Part Number 2"; Value = "AC0402FR-0762RL"; VariantName = "[No Variations]"
Change component parameters (AddParameter): Name = "Manufacturer Part Number 3"; Value = "CRCW040262R0FKED"; VariantName = "[No Variations]"
Change component parameters (AddParameter): Name = "MCHP-ID"; Value = "RSMT1213"; VariantName = "[No Variations]"
Change component parameters (AddParameter): Name = "Operating Temperature"; Value = "-55C to +155C"; VariantName = "[No Variations]"
Change component parameters (AddParameter): Name = "Owner"; Value = "Dragos Danaila"; VariantName = "[No Variations]"
Change component parameters (AddParameter): Name = "Package"; Value = "0402"; VariantName = "[No Variations]"
Change component parameters (AddParameter): Name = "Populated"; Value = "YES"; VariantName = "[No Variations]"
Change component parameters (AddParameter): Name = "Power"; Value = "1/16W"; VariantName = "[No Variations]"
Change component parameters (AddParameter): Name = "Quantity Override"; Value = "1"; VariantName = "[No Variations]"
Change component parameters (AddParameter): Name = "Restricted Sourcing"; Value = "No"; VariantName = "[No Variations]"
Change component parameters (AddParameter): Name = "Revision"; Value = "C"; VariantName = "[No Variations]"
Change component parameters (AddParameter): Name = "Status"; Value = "MCL Design"; VariantName = "[No Variations]"
Change component parameters (AddParameter): Name = "Supplier 1"; Value = "Digi-Key"; VariantName = "[No Variations]"
Change component parameters (AddParameter): Name = "Supplier 2"; Value = "Digi-Key"; VariantName = "[No Variations]"
Change component parameters (AddParameter): Name = "Supplier 3"; Value = "Digi-Key"; VariantName = "[No Variations]"
Change component parameters (AddParameter): Name = "Supplier Part Number 1"; Value = "RMCF0402FT62R0CT-ND"; VariantName = "[No Variations]"
Change component parameters (AddParameter): Name = "Supplier Part Number 2"; Value = "13-AC0402FR-0762RLCT-ND"; VariantName = "[No Variations]"
Change component parameters (AddParameter): Name = "Supplier Part Number 3"; Value = "541-62.0LCT-ND"; VariantName = "[No Variations]"
Change component parameters (AddParameter): Name = "Symbol"; Value = "Resistor"; VariantName = "[No Variations]"
Change component parameters (AddParameter): Name = "Temperature Coefficient"; Value = "100ppm/C"; VariantName = "[No Variations]"
Change component parameters (AddParameter): Name = "Tolerance"; Value = "1%"; VariantName = "[No Variations]"
Change component parameters (AddParameter): Name = "Type"; Value = "RES SMD"; VariantName = "[No Variations]"
Change component parameters (AddParameter): Name = "Value"; Value = "62R"; VariantName = "[No Variations]"
Change component parameters (AddParameter): Name = "Voltage"; Value = "50V"; VariantName = "[No Variations]"
Change component parameters: Designator = "R92" ("R92"); Footprint = "RES_C_0603"; UniqueID = "\SRUCPIWZ" ("\SRUCPIWZ")
Change component parameters (AddParameter): Name = "Category"; Value = "Resistor"; VariantName = "[No Variations]"
Change component parameters (AddParameter): Name = "ComponentLink1Description"; Value = "SVN Datasheet"; VariantName = "[No Variations]"
Change component parameters (AddParameter): Name = "ComponentLink1URL"; Value = "https://chn-vm-apps.microchip.com/mchprepo/parts/Datasheets/PYu-RT_1-to-0.01_RoHS_L_9-1.pdf"; VariantName = "[No Variations]"
Change component parameters (AddParameter): Name = "ComponentLink2Description"; Value = "Local Datasheet"; VariantName = "[No Variations]"
Change component parameters (AddParameter): Name = "ComponentLink2URL"; Value = "C:\ALTIUM_WORK\00001_MCHP-CDB\Datasheets\PYu-RT_1-to-0.01_RoHS_L_9-1.pdf"; VariantName = "[No Variations]"
Change component parameters (AddParameter): Name = "ComponentLink3Description"; Value = "Open Symbol"; VariantName = "[No Variations]"
Change component parameters (AddParameter): Name = "ComponentLink3URL"; Value = "C:\ALTIUM_WORK\00001_MCHP-CDB\Library\LibraryRefs\Resistor.SchLib"; VariantName = "[No Variations]"
Change component parameters (AddParameter): Name = "ComponentLink4Description"; Value = "Open Footprint"; VariantName = "[No Variations]"
Change component parameters (AddParameter): Name = "ComponentLink4URL"; Value = "C:\ALTIUM_WORK\00001_MCHP-CDB\Library\Footprints\RES_C_0402.PcbLib"; VariantName = "[No Variations]"
Change component parameters (AddParameter): Name = "ComponentLink5Description"; Value = "Open Footprint 2"; VariantName = "[No Variations]"
Change component parameters (AddParameter): Name = "ComponentLink6Description"; Value = "Open Footprint 3"; VariantName = "[No Variations]"
Change component parameters (AddParameter): Name = "ComponentLink7Description"; Value = "Open Footprint 4"; VariantName = "[No Variations]"
Change component parameters (AddParameter): Name = "Composition"; Value = "TKF"; VariantName = "[No Variations]"
Change component parameters (AddParameter): Name = "Description_"; Value = "RES TKF 360R 0.1% 0.1W SMD 0402"; VariantName = "[No Variations]"
Change component parameters (AddParameter): Name = "Dev Tools Status"; Value = "Design"; VariantName = "[No Variations]"
Change component parameters (AddParameter): Name = "Manufacturer 1"; Value = "Yageo"; VariantName = "[No Variations]"
Change component parameters (AddParameter): Name = "Manufacturer Part Number 1"; Value = "RT0402BRD07360RL"; VariantName = "[No Variations]"
Change component parameters (AddParameter): Name = "MCHP-ID"; Value = "RES2221"; VariantName = "[No Variations]"
Change component parameters (AddParameter): Name = "Operating Temperature"; Value = "-55C to +155C"; VariantName = "[No Variations]"
Change component parameters (AddParameter): Name = "Owner"; Value = "Cristian Papuc"; VariantName = "[No Variations]"
Change component parameters (AddParameter): Name = "Package"; Value = "0402"; VariantName = "[No Variations]"
Change component parameters (AddParameter): Name = "Populated"; Value = "YES"; VariantName = "[No Variations]"
Change component parameters (AddParameter): Name = "Power"; Value = "1/10W"; VariantName = "[No Variations]"
Change component parameters (AddParameter): Name = "Quantity Override"; Value = "1"; VariantName = "[No Variations]"
Change component parameters (AddParameter): Name = "Restricted Sourcing"; Value = "No"; VariantName = "[No Variations]"
Change component parameters (AddParameter): Name = "Revision"; Value = "B"; VariantName = "[No Variations]"
Change component parameters (AddParameter): Name = "Status"; Value = "MCL Design"; VariantName = "[No Variations]"
Change component parameters (AddParameter): Name = "Supplier 1"; Value = "Digi-Key"; VariantName = "[No Variations]"
Change component parameters (AddParameter): Name = "Supplier Part Number 1"; Value = "YAG1413CT-ND"; VariantName = "[No Variations]"
Change component parameters (AddParameter): Name = "Symbol"; Value = "Resistor"; VariantName = "[No Variations]"
Change component parameters (AddParameter): Name = "Temperature Coefficient"; Value = "25ppm/C"; VariantName = "[No Variations]"
Change component parameters (AddParameter): Name = "Tolerance"; Value = "0.1%"; VariantName = "[No Variations]"
Change component parameters (AddParameter): Name = "Type"; Value = "RES SMD"; VariantName = "[No Variations]"
Change component parameters (AddParameter): Name = "Value"; Value = "360R"; VariantName = "[No Variations]"
Change component parameters (AddParameter): Name = "Voltage"; Value = "50V"; VariantName = "[No Variations]"
Change component parameters: Designator = "R93" ("R93"); Footprint = "RES_C_0603"; UniqueID = "\FJFNIRWS" ("\FJFNIRWS")
Change component parameters (AddParameter): Name = "Category"; Value = "Resistor"; VariantName = "[No Variations]"
Change component parameters (AddParameter): Name = "ComponentLink1Description"; Value = "SVN Datasheet"; VariantName = "[No Variations]"
Change component parameters (AddParameter): Name = "ComponentLink1URL"; Value = "https://chn-vm-apps.microchip.com/mchprepo/parts/Datasheets/AOA0000C307.pdf"; VariantName = "[No Variations]"
Change component parameters (AddParameter): Name = "ComponentLink2Description"; Value = "Local Datasheet"; VariantName = "[No Variations]"
Change component parameters (AddParameter): Name = "ComponentLink2URL"; Value = "C:\ALTIUM_WORK\00001_MCHP-CDB\Datasheets\AOA0000C307.pdf"; VariantName = "[No Variations]"
Change component parameters (AddParameter): Name = "ComponentLink3Description"; Value = "Open Symbol"; VariantName = "[No Variations]"
Change component parameters (AddParameter): Name = "ComponentLink3URL"; Value = "C:\ALTIUM_WORK\00001_MCHP-CDB\Library\LibraryRefs\Resistor.SchLib"; VariantName = "[No Variations]"
Change component parameters (AddParameter): Name = "ComponentLink4Description"; Value = "Open Footprint"; VariantName = "[No Variations]"
Change component parameters (AddParameter): Name = "ComponentLink4URL"; Value = "C:\ALTIUM_WORK\00001_MCHP-CDB\Library\Footprints\RES_C_0402.PcbLib"; VariantName = "[No Variations]"
Change component parameters (AddParameter): Name = "ComponentLink5Description"; Value = "Open Footprint 2"; VariantName = "[No Variations]"
Change component parameters (AddParameter): Name = "ComponentLink6Description"; Value = "Open Footprint 3"; VariantName = "[No Variations]"
Change component parameters (AddParameter): Name = "ComponentLink7Description"; Value = "Open Footprint 4"; VariantName = "[No Variations]"
Change component parameters (AddParameter): Name = "Composition"; Value = "TF"; VariantName = "[No Variations]"
Change component parameters (AddParameter): Name = "Description_"; Value = "RES TF 7.5k 0.1% 1/16W SMD 0402 AEC-Q200"; VariantName = "[No Variations]"
Change component parameters (AddParameter): Name = "Dev Tools Status"; Value = "Production"; VariantName = "[No Variations]"
Change component parameters (AddParameter): Name = "Manufacturer 1"; Value = "Panasonic"; VariantName = "[No Variations]"
Change component parameters (AddParameter): Name = "Manufacturer 2"; Value = "Yageo"; VariantName = "[No Variations]"
Change component parameters (AddParameter): Name = "Manufacturer Part Number 1"; Value = "ERA-2AEB752X"; VariantName = "[No Variations]"
Change component parameters (AddParameter): Name = "Manufacturer Part Number 2"; Value = "RP0402BRD077K5L"; VariantName = "[No Variations]"
Change component parameters (AddParameter): Name = "MCHP-ID"; Value = "RES3451"; VariantName = "[No Variations]"
Change component parameters (AddParameter): Name = "Operating Temperature"; Value = "-55C to +155C"; VariantName = "[No Variations]"
Change component parameters (AddParameter): Name = "Owner"; Value = "Narasimha Murthy"; VariantName = "[No Variations]"
Change component parameters (AddParameter): Name = "Package"; Value = "0402"; VariantName = "[No Variations]"
Change component parameters (AddParameter): Name = "Populated"; Value = "YES"; VariantName = "[No Variations]"
Change component parameters (AddParameter): Name = "Power"; Value = "1/16W"; VariantName = "[No Variations]"
Change component parameters (AddParameter): Name = "Quantity Override"; Value = "1"; VariantName = "[No Variations]"
Change component parameters (AddParameter): Name = "Restricted Sourcing"; Value = "No"; VariantName = "[No Variations]"
Change component parameters (AddParameter): Name = "Revision"; Value = "1"; VariantName = "[No Variations]"
Change component parameters (AddParameter): Name = "Status"; Value = "MCL Design"; VariantName = "[No Variations]"
Change component parameters (AddParameter): Name = "Supplier 1"; Value = "Digi-Key"; VariantName = "[No Variations]"
Change component parameters (AddParameter): Name = "Supplier 2"; Value = "Digi-Key"; VariantName = "[No Variations]"
Change component parameters (AddParameter): Name = "Supplier Part Number 1"; Value = "P7.5KDCCT-ND"; VariantName = "[No Variations]"
Change component parameters (AddParameter): Name = "Supplier Part Number 2"; Value = "13-RP0402BRD077K5LCT-ND"; VariantName = "[No Variations]"
Change component parameters (AddParameter): Name = "Symbol"; Value = "Resistor"; VariantName = "[No Variations]"
Change component parameters (AddParameter): Name = "Temperature Coefficient"; Value = "25ppm/C"; VariantName = "[No Variations]"
Change component parameters (AddParameter): Name = "Tolerance"; Value = "0.1%"; VariantName = "[No Variations]"
Change component parameters (AddParameter): Name = "Type"; Value = "RES SMD"; VariantName = "[No Variations]"
Change component parameters (AddParameter): Name = "Value"; Value = "7.5k"; VariantName = "[No Variations]"
