Removed Member From Class: ClassName=Sheet3_SenseCkts_Programming_Interface Member=C?
Removed Member From Class: ClassName=Sheet4_Power_Supply Member=J?
Removed Member From Class: ClassName=Sheet1_dsPIC33CDV+OpAmp Member=R?
Removed Member From Class: ClassName=Sheet4_Power_Supply Member=R?
Change Component Designator: OldDesignator=C? NewDesignator=C3
Change Component Designator: OldDesignator=C? NewDesignator=C4
Change Component Designator: OldDesignator=J? NewDesignator=J1
Change Component Designator: OldDesignator=J? NewDesignator=J2
Change Component Designator: OldDesignator=R? NewDesignator=R3
Change Component Designator: OldDesignator=R? NewDesignator=R9
Change Component Designator: OldDesignator=R? NewDesignator=R10
Change Component Designator: OldDesignator=R? NewDesignator=R11
Change Component Designator: OldDesignator=R? NewDesignator=R12
Change Net Name : Old Net Name=NetC?_2 New Net Name=NetC4_2
Change Net Name : Old Net Name=NetJ?_2 New Net Name=NetJ2_2
Add Net: Net with name "VDC" already exists
Added Member To Class: ClassName=Sheet3_SenseCkts_Programming_Interface Member=Component C4 Capacitor NP
Added Member To Class: ClassName=Sheet4_Power_Supply Member=Component J1 CON 1x2 POLARIZED
Added Member To Class: ClassName=Sheet3_SenseCkts_Programming_Interface Member=Component J7 Header 1x6
Added Member To Class: ClassName=Sheet4_Power_Supply Member=Component R3 Resistor
Added Member To Class: ClassName=Sheet4_Power_Supply Member=Component R9 Resistor
Added Member To Class: ClassName=Sheet1_dsPIC33CDV+OpAmp Member=Component R10
Added Member To Class: ClassName=Sheet3_SenseCkts_Programming_Interface Member=Component R12 Resistor
