Change Component DesignItemId : Designator=PHASE_B Old DesignItemId=CON2131 New DesignItemId=CON2948
Change Component DesignItemId : Designator=PHASE_B Old DesignItemId=CON2131 New DesignItemId=CON2948
Change Component DesignItemId : Designator=PHASE_C Old DesignItemId=CON2131 New DesignItemId=CON2948
Change Component Footprint: Designator=PHASE_B Old Footprint=TP_3.6X2.7 New Footprint=TP_3.0X2.3X1.3HOLE
Change Component Footprint: Designator=PHASE_B Old Footprint=TP_3.6X2.7 New Footprint=TP_3.0X2.3X1.3HOLE
Change Component Footprint: Designator=PHASE_C Old Footprint=TP_3.6X2.7 New Footprint=TP_3.0X2.3X1.3HOLE
Change Component Designator: OldDesignator=PHASE_B NewDesignator=PHASE_A
Change component parameters: Designator = "PHASE_B" ("PHASE_B"); Footprint = "TP_3.6X2.7"; UniqueID = "\ALCJLHUP" ("\ALCJLHUP")
Change component parameters (AddParameter): Name = "Assembly Type"; Value = "TH"; VariantName = "[No Variations]"
Change component parameters (AddParameter): Name = "Category"; Value = "Connector"; VariantName = "[No Variations]"
Change component parameters (AddParameter): Name = "ComponentLink1Description"; Value = "SVN Datasheet"; VariantName = "[No Variations]"
Change component parameters (AddParameter): Name = "ComponentLink2Description"; Value = "Local Datasheet"; VariantName = "[No Variations]"
Change component parameters (AddParameter): Name = "ComponentLink3Description"; Value = "Open Symbol"; VariantName = "[No Variations]"
Change component parameters (AddParameter): Name = "ComponentLink3URL"; Value = "C:\ALTIUM_WORK\00001_MCHP-CDB\Library\LibraryRefs\Test Point No Bom.SchLib"; VariantName = "[No Variations]"
Change component parameters (AddParameter): Name = "ComponentLink4Description"; Value = "Open Footprint"; VariantName = "[No Variations]"
Change component parameters (AddParameter): Name = "ComponentLink4URL"; Value = "C:\ALTIUM_WORK\00001_MCHP-CDB\Library\Footprints\TP_3.0X2.3X1.3HOLE.PcbLib"; VariantName = "[No Variations]"
Change component parameters (AddParameter): Name = "ComponentLink5Description"; Value = "Open Footprint 2"; VariantName = "[No Variations]"
Change component parameters (AddParameter): Name = "ComponentLink6Description"; Value = "Open Footprint 3"; VariantName = "[No Variations]"
Change component parameters (AddParameter): Name = "ComponentLink7Description"; Value = "Open Footprint 4"; VariantName = "[No Variations]"
Change component parameters (AddParameter): Name = "Description_"; Value = "CON TP PAD PCB TH 3.0x2.3mm PAD 1.3mm HOLE"; VariantName = "[No Variations]"
Change component parameters (AddParameter): Name = "Dev Tools Status"; Value = "Design"; VariantName = "[No Variations]"
Change component parameters (AddParameter): Name = "MCHP-ID"; Value = "CON2948"; VariantName = "[No Variations]"
Change component parameters (AddParameter): Name = "Owner"; Value = "Severino Balong Jr."; VariantName = "[No Variations]"
Change component parameters (AddParameter): Name = "Populated"; Value = "DNP"; VariantName = "[No Variations]"
Change component parameters (AddParameter): Name = "Quantity Override"; Value = "1"; VariantName = "[No Variations]"
Change component parameters (AddParameter): Name = "Restricted Sourcing"; Value = "No"; VariantName = "[No Variations]"
Change component parameters (AddParameter): Name = "Revision"; Value = "1"; VariantName = "[No Variations]"
Change component parameters (AddParameter): Name = "Status"; Value = "MCL Design"; VariantName = "[No Variations]"
Change component parameters (AddParameter): Name = "Symbol"; Value = "Test Point No Bom"; VariantName = "[No Variations]"
Change component parameters (AddParameter): Name = "Type"; Value = "Test Point No BOM"; VariantName = "[No Variations]"
Change component parameters (AddParameter): Name = "Value"; Value = "TP 3.0mm x 2.3mm PAD 1.3mm HOLE"; VariantName = "[No Variations]"
Change component parameters: Designator = "PHASE_B" ("PHASE_B"); Footprint = "TP_3.6X2.7"; UniqueID = "\ZAOFZADO" ("\ZAOFZADO")
Change component parameters (AddParameter): Name = "Assembly Type"; Value = "TH"; VariantName = "[No Variations]"
Change component parameters (AddParameter): Name = "Category"; Value = "Connector"; VariantName = "[No Variations]"
Change component parameters (AddParameter): Name = "ComponentLink1Description"; Value = "SVN Datasheet"; VariantName = "[No Variations]"
Change component parameters (AddParameter): Name = "ComponentLink2Description"; Value = "Local Datasheet"; VariantName = "[No Variations]"
Change component parameters (AddParameter): Name = "ComponentLink3Description"; Value = "Open Symbol"; VariantName = "[No Variations]"
Change component parameters (AddParameter): Name = "ComponentLink3URL"; Value = "C:\ALTIUM_WORK\00001_MCHP-CDB\Library\LibraryRefs\Test Point No Bom.SchLib"; VariantName = "[No Variations]"
Change component parameters (AddParameter): Name = "ComponentLink4Description"; Value = "Open Footprint"; VariantName = "[No Variations]"
Change component parameters (AddParameter): Name = "ComponentLink4URL"; Value = "C:\ALTIUM_WORK\00001_MCHP-CDB\Library\Footprints\TP_3.0X2.3X1.3HOLE.PcbLib"; VariantName = "[No Variations]"
Change component parameters (AddParameter): Name = "ComponentLink5Description"; Value = "Open Footprint 2"; VariantName = "[No Variations]"
Change component parameters (AddParameter): Name = "ComponentLink6Description"; Value = "Open Footprint 3"; VariantName = "[No Variations]"
Change component parameters (AddParameter): Name = "ComponentLink7Description"; Value = "Open Footprint 4"; VariantName = "[No Variations]"
Change component parameters (AddParameter): Name = "Description_"; Value = "CON TP PAD PCB TH 3.0x2.3mm PAD 1.3mm HOLE"; VariantName = "[No Variations]"
Change component parameters (AddParameter): Name = "Dev Tools Status"; Value = "Design"; VariantName = "[No Variations]"
Change component parameters (AddParameter): Name = "MCHP-ID"; Value = "CON2948"; VariantName = "[No Variations]"
Change component parameters (AddParameter): Name = "Owner"; Value = "Severino Balong Jr."; VariantName = "[No Variations]"
Change component parameters (AddParameter): Name = "Populated"; Value = "DNP"; VariantName = "[No Variations]"
Change component parameters (AddParameter): Name = "Quantity Override"; Value = "1"; VariantName = "[No Variations]"
Change component parameters (AddParameter): Name = "Restricted Sourcing"; Value = "No"; VariantName = "[No Variations]"
Change component parameters (AddParameter): Name = "Revision"; Value = "1"; VariantName = "[No Variations]"
Change component parameters (AddParameter): Name = "Status"; Value = "MCL Design"; VariantName = "[No Variations]"
Change component parameters (AddParameter): Name = "Symbol"; Value = "Test Point No Bom"; VariantName = "[No Variations]"
Change component parameters (AddParameter): Name = "Type"; Value = "Test Point No BOM"; VariantName = "[No Variations]"
Change component parameters (AddParameter): Name = "Value"; Value = "TP 3.0mm x 2.3mm PAD 1.3mm HOLE"; VariantName = "[No Variations]"
Change component parameters: Designator = "PHASE_C" ("PHASE_C"); Footprint = "TP_3.6X2.7"; UniqueID = "\TPIAQODH" ("\TPIAQODH")
Change component parameters (AddParameter): Name = "Assembly Type"; Value = "TH"; VariantName = "[No Variations]"
Change component parameters (AddParameter): Name = "Category"; Value = "Connector"; VariantName = "[No Variations]"
Change component parameters (AddParameter): Name = "ComponentLink1Description"; Value = "SVN Datasheet"; VariantName = "[No Variations]"
Change component parameters (AddParameter): Name = "ComponentLink2Description"; Value = "Local Datasheet"; VariantName = "[No Variations]"
Change component parameters (AddParameter): Name = "ComponentLink3Description"; Value = "Open Symbol"; VariantName = "[No Variations]"
Change component parameters (AddParameter): Name = "ComponentLink3URL"; Value = "C:\ALTIUM_WORK\00001_MCHP-CDB\Library\LibraryRefs\Test Point No Bom.SchLib"; VariantName = "[No Variations]"
Change component parameters (AddParameter): Name = "ComponentLink4Description"; Value = "Open Footprint"; VariantName = "[No Variations]"
Change component parameters (AddParameter): Name = "ComponentLink4URL"; Value = "C:\ALTIUM_WORK\00001_MCHP-CDB\Library\Footprints\TP_3.0X2.3X1.3HOLE.PcbLib"; VariantName = "[No Variations]"
Change component parameters (AddParameter): Name = "ComponentLink5Description"; Value = "Open Footprint 2"; VariantName = "[No Variations]"
Change component parameters (AddParameter): Name = "ComponentLink6Description"; Value = "Open Footprint 3"; VariantName = "[No Variations]"
Change component parameters (AddParameter): Name = "ComponentLink7Description"; Value = "Open Footprint 4"; VariantName = "[No Variations]"
Change component parameters (AddParameter): Name = "Description_"; Value = "CON TP PAD PCB TH 3.0x2.3mm PAD 1.3mm HOLE"; VariantName = "[No Variations]"
Change component parameters (AddParameter): Name = "Dev Tools Status"; Value = "Design"; VariantName = "[No Variations]"
Change component parameters (AddParameter): Name = "MCHP-ID"; Value = "CON2948"; VariantName = "[No Variations]"
Change component parameters (AddParameter): Name = "Owner"; Value = "Severino Balong Jr."; VariantName = "[No Variations]"
Change component parameters (AddParameter): Name = "Populated"; Value = "DNP"; VariantName = "[No Variations]"
Change component parameters (AddParameter): Name = "Quantity Override"; Value = "1"; VariantName = "[No Variations]"
Change component parameters (AddParameter): Name = "Restricted Sourcing"; Value = "No"; VariantName = "[No Variations]"
Change component parameters (AddParameter): Name = "Revision"; Value = "1"; VariantName = "[No Variations]"
Change component parameters (AddParameter): Name = "Status"; Value = "MCL Design"; VariantName = "[No Variations]"
Change component parameters (AddParameter): Name = "Symbol"; Value = "Test Point No Bom"; VariantName = "[No Variations]"
Change component parameters (AddParameter): Name = "Type"; Value = "Test Point No BOM"; VariantName = "[No Variations]"
Change component parameters (AddParameter): Name = "Value"; Value = "TP 3.0mm x 2.3mm PAD 1.3mm HOLE"; VariantName = "[No Variations]"
Added Member To Class: ClassName=Sheet2_Inverter_GateDriver Member=Component PHASE_B Test Point No BOM
