Added Component: Designator=D2(DO-P600 Axial TH P19L9.1W9.1H9.2)
Add component (AddParameter): Name = "Category"; Value = "Diode"; VariantName = "[No Variations]"
Add component (AddParameter): Name = "ComponentLink1Description"; Value = "SVN Datasheet"; VariantName = "[No Variations]"
Add component (AddParameter): Name = "ComponentLink1URL"; Value = "https://chn-vm-apps.microchip.com/mchprepo/parts/Datasheets/5KP5.0 thru 5KP188A.pdf"; VariantName = "[No Variations]"
Add component (AddParameter): Name = "ComponentLink2Description"; Value = "Local Datasheet"; VariantName = "[No Variations]"
Add component (AddParameter): Name = "ComponentLink2URL"; Value = "C:\ALTIUM_WORK\00001_MCHP-CDB\Datasheets\5KP5.0 thru 5KP188A.pdf"; VariantName = "[No Variations]"
Add component (AddParameter): Name = "ComponentLink3Description"; Value = "Open Symbol"; VariantName = "[No Variations]"
Add component (AddParameter): Name = "ComponentLink3URL"; Value = "C:\ALTIUM_WORK\00001_MCHP-CDB\Library\LibraryRefs\Diode Schottky.SchLib"; VariantName = "[No Variations]"
Add component (AddParameter): Name = "ComponentLink4Description"; Value = "Open Footprint"; VariantName = "[No Variations]"
Add component (AddParameter): Name = "ComponentLink4URL"; Value = "C:\ALTIUM_WORK\00001_MCHP-CDB\Library\Footprints\DO-P600 Axial TH P19L9.1W9.1H9.2.PcbLib"; VariantName = "[No Variations]"
Add component (AddParameter): Name = "ComponentLink5Description"; Value = "Open Footprint 2"; VariantName = "[No Variations]"
Add component (AddParameter): Name = "ComponentLink6Description"; Value = "Open Footprint 3"; VariantName = "[No Variations]"
Add component (AddParameter): Name = "ComponentLink7Description"; Value = "Open Footprint 4"; VariantName = "[No Variations]"
Add component (AddParameter): Name = "Description_"; Value = "DIO TVS 5KP26A-E3/54 28.9V 5000W TH P600"; VariantName = "[No Variations]"
Add component (AddParameter): Name = "Dev Tools Status"; Value = "Production"; VariantName = "[No Variations]"
Add component (AddParameter): Name = "Manufacturer 1"; Value = "Vishay"; VariantName = "[No Variations]"
Add component (AddParameter): Name = "Manufacturer Part Number 1"; Value = "5KP26A-E3/54"; VariantName = "[No Variations]"
Add component (AddParameter): Name = "MCHP-ID"; Value = "DIODE1072"; VariantName = "[No Variations]"
Add component (AddParameter): Name = "Owner"; Value = "Stephen Humberd"; VariantName = "[No Variations]"
Add component (AddParameter): Name = "Package"; Value = "P600, Axial"; VariantName = "[No Variations]"
Add component (AddParameter): Name = "Populated"; Value = "YES"; VariantName = "[No Variations]"
Add component (AddParameter): Name = "Power"; Value = "5000W"; VariantName = "[No Variations]"
Add component (AddParameter): Name = "Quantity Override"; Value = "1"; VariantName = "[No Variations]"
Add component (AddParameter): Name = "Restricted Sourcing"; Value = "No"; VariantName = "[No Variations]"
Add component (AddParameter): Name = "Reverse Voltage"; Value = "26V"; VariantName = "[No Variations]"
Add component (AddParameter): Name = "Revision"; Value = "1"; VariantName = "[No Variations]"
Add component (AddParameter): Name = "Status"; Value = "MCL Design"; VariantName = "[No Variations]"
Add component (AddParameter): Name = "Supplier 1"; Value = "Digi-Key"; VariantName = "[No Variations]"
Add component (AddParameter): Name = "Supplier Part Number 1"; Value = "5KP26A-E3/54GICT-ND"; VariantName = "[No Variations]"
Add component (AddParameter): Name = "Symbol"; Value = "Diode Schottky"; VariantName = "[No Variations]"
Add component (AddParameter): Name = "Type"; Value = "Schottky Single"; VariantName = "[No Variations]"
Add component (AddParameter): Name = "Value"; Value = "5KP26A-E3/54"; VariantName = "[No Variations]"
Add Component: Footprint Not Found RES_C_0603
Added Pin To Net: NetName=PGND Pin=D2-1
Added Pin To Net: NetName=VDC Pin=D2-2
Add Pin To Net: Unknown Pin: Pin R152-1
Add Pin To Net: Unknown Pin: Pin R152-2
Added Member To Class: ClassName=Sheet4_Power_Supply Member=Component D2 Diode Schottky
Add Class Member: Failed to add class member : Component R152 Resistor
